ets Jul 29 2019 12:21:46

rst:0x1 (POWERON_RESET),boot:0x13 (SPI_FAST_FLASH_BOOT)
configsip: 0, SPIWP:0xee
clk_drv:0x00,q_drv:0x00,d_drv:0x00,cs0_drv:0x00,hd_drv:0x00,wp_drv:0x00
mode:DIO, clock div:2
load:0x3fff0030,len:6276
load:0x40078000,len:15736
load:0x40080400,len:4
load:0x40080404,len:3860
entry 0x4008063c
[0;32mI (29) boot: ESP-IDF v5.4.2 2nd stage bootloader[0m
[0;32mI (29) boot: compile time Jul 15 2025 11:04:30[0m
[0;32mI (30) boot: Multicore bootloader[0m
[0;32mI (31) boot: chip revision: v3.1[0m
[0;32mI (34) boot.esp32: SPI Speed      : 40MHz[0m
[0;32mI (37) boot.esp32: SPI Mode       : DIO[0m
[0;32mI (41) boot.esp32: SPI Flash Size : 2MB[0m
[0;32mI (44) boot: Enabling RNG early entropy source...[0m
[0;32mI (49) boot: Partition Table:[0m
[0;32mI (51) boot: ## Label            Usage          Type ST Offset   Length[0m
[0;32mI (58) boot:  0 nvs              WiFi data        01 02 00009000 00006000[0m
[0;32mI (64) boot:  1 phy_init         RF data          01 01 0000f000 00001000[0m
[0;32mI (71) boot:  2 factory          factory app      00 00 00010000 00100000[0m
[0;32mI (77) boot: End of partition table[0m
[0;32mI (81) esp_image: segment 0: paddr=00010020 vaddr=3f400020 size=0b1bch ( 45500) map[0m
[0;32mI (104) esp_image: segment 1: paddr=0001b1e4 vaddr=3ff80000 size=0001ch (    28) load[0m
[0;32mI (104) esp_image: segment 2: paddr=0001b208 vaddr=3ffb0000 size=023e8h (  9192) load[0m
[0;32mI (111) esp_image: segment 3: paddr=0001d5f8 vaddr=40080000 size=02a20h ( 10784) load[0m
[0;32mI (119) esp_image: segment 4: paddr=00020020 vaddr=400d0020 size=16a10h ( 92688) map[0m
[0;32mI (154) esp_image: segment 5: paddr=00036a38 vaddr=40082a20 size=0a8e0h ( 43232) load[0m
[0;32mI (178) boot: Loaded app from partition at offset 0x10000[0m
[0;32mI (178) boot: Disabling RNG early entropy source...[0m
[0;32mI (188) cpu_start: Multicore app[0m
[0;32mI (197) cpu_start: Pro cpu start user code[0m
[0;32mI (197) cpu_start: cpu freq: 160000000 Hz[0m
[0;32mI (197) app_init: Application information:[0m
[0;32mI (197) app_init: Project name:     RTS-lab5[0m
[0;32mI (201) app_init: App version:      28589e0-dirty[0m
[0;32mI (205) app_init: Compile time:     Jul 15 2025 11:04:19[0m
[0;32mI (210) app_init: ELF file SHA256:  905556c85...[0m
[0;32mI (215) app_init: ESP-IDF:          v5.4.2[0m
[0;32mI (218) efuse_init: Min chip rev:     v0.0[0m
[0;32mI (222) efuse_init: Max chip rev:     v3.99 [0m
[0;32mI (226) efuse_init: Chip rev:         v3.1[0m
[0;32mI (230) heap_init: Initializing. RAM available for dynamic allocation:[0m
[0;32mI (236) heap_init: At 3FFAE6E0 len 00001920 (6 KiB): DRAM[0m
[0;32mI (241) heap_init: At 3FFB2CE0 len 0002D320 (180 KiB): DRAM[0m
[0;32mI (247) heap_init: At 3FFE0440 len 00003AE0 (14 KiB): D/IRAM[0m
[0;32mI (252) heap_init: At 3FFE4350 len 0001BCB0 (111 KiB): D/IRAM[0m
[0;32mI (258) heap_init: At 4008D300 len 00012D00 (75 KiB): IRAM[0m
[0;32mI (264) spi_flash: detected chip: generic[0m
[0;32mI (266) spi_flash: flash io: dio[0m
[0;33mW (269) spi_flash: Detected size(4096k) larger than the size in the binary image header(2048k). Using the size in the binary image header.[0m
[0;32mI (282) main_task: Started on CPU0[0m
[0;32mI (292) main_task: Calling app_main()[0m
Initializing I2C master...
[0;33mW (292) i2c.master: Please check pull-up resistances whether be connected properly. Otherwise unexpected behavior would happen. For more detailed information, please read docs[0m
[1;31mE (402) i2c.master: I2C software timeout[0m
[1;31mE (402) i2c.master: s_i2c_synchronous_transaction(945): I2C transaction failed[0m
[1;31mE (402) i2c.master: i2c_master_multi_buffer_transmit(1207): I2C transaction failed[0m
ESP_ERROR_CHECK failed: esp_err_t 0x103 (ESP_ERR_INVALID_STATE) at 0x400d70fe
file: "./main/RTS-lab5.c" line 50
func: app_main
expression: i2c_master_transmit(dev_handle, &reg_addr, 1, pdMS_TO_TICKS(1000))

abort() was called at PC 0x40085c3b on core 0


Backtrace: 0x4008193d:0x3ffb3ec0 0x40085c45:0x3ffb3ee0 0x4008bc01:0x3ffb3f00 0x40085c3b:0x3ffb3f70 0x400d70fe:0x3ffb3fa0 0x400e62a8:0x3ffb3fd0 0x40086689:0x3ffb4000




ELF file SHA256: 905556c85

Rebooting...
ets Jul 29 2019 12:21:46

rst:0xc (SW_CPU_RESET),boot:0x13 (SPI_FAST_FLASH_BOOT)
configsip: 0, SPIWP:0xee
clk_drv:0x00,q_drv:0x00,d_drv:0x00,cs0_drv:0x00,hd_drv:0x00,wp_drv:0x00
mode:DIO, clock div:2
load:0x3fff0030,len:6276
load:0x40078000,len:15736
load:0x40080400,len:4
load:0x40080404,len:3860
entry 0x4008063c
[0;32mI (29) boot: ESP-IDF v5.4.2 2nd stage bootloader[0m
[0;32mI (29) boot: compile time Jul 15 2025 11:04:30[0m
[0;32mI (29) boot: Multicore bootloader[0m
[0;32mI (31) boot: chip revision: v3.1[0m
[0;32mI (33) boot.esp32: SPI Speed      : 40MHz[0m
[0;32mI (37) boot.esp32: SPI Mode       : DIO[0m
[0;32mI (41) boot.esp32: SPI Flash Size : 2MB[0m
[0;32mI (44) boot: Enabling RNG early entropy source...[0m
[0;32mI (49) boot: Partition Table:[0m
[0;32mI (51) boot: ## Label            Usage          Type ST Offset   Length[0m
[0;32mI (58) boot:  0 nvs              WiFi data        01 02 00009000 00006000[0m
[0;32mI (64) boot:  1 phy_init         RF data          01 01 0000f000 00001000[0m
[0;32mI (71) boot:  2 factory          factory app      00 00 00010000 00100000[0m
[0;32mI (77) boot: End of partition table[0m
[0;32mI (81) esp_image: segment 0: paddr=00010020 vaddr=3f400020 size=0b1bch ( 45500) map[0m
[0;32mI (104) esp_image: segment 1: paddr=0001b1e4 vaddr=3ff80000 size=0001ch (    28) load[0m
[0;32mI (104) esp_image: segment 2: paddr=0001b208 vaddr=3ffb0000 size=023e8h (  9192) load[0m
[0;32mI (111) esp_image: segment 3: paddr=0001d5f8 vaddr=40080000 size=02a20h ( 10784) load[0m
[0;32mI (119) esp_image: segment 4: paddr=00020020 vaddr=400d0020 size=16a10h ( 92688) map[0m
[0;32mI (154) esp_image: segment 5: paddr=00036a38 vaddr=40082a20 size=0a8e0h ( 43232) load[0m
[0;32mI (178) boot: Loaded app from partition at offset 0x10000[0m
[0;32mI (178) boot: Disabling RNG early entropy source...[0m
[0;32mI (188) cpu_start: Multicore app[0m
[0;32mI (197) cpu_start: Pro cpu start user code[0m
[0;32mI (197) cpu_start: cpu freq: 160000000 Hz[0m
[0;32mI (197) app_init: Application information:[0m
[0;32mI (197) app_init: Project name:     RTS-lab5[0m
[0;32mI (201) app_init: App version:      28589e0-dirty[0m
[0;32mI (205) app_init: Compile time:     Jul 15 2025 11:04:19[0m
[0;32mI (210) app_init: ELF file SHA256:  905556c85...[0m
[0;32mI (214) app_init: ESP-IDF:          v5.4.2[0m
[0;32mI (218) efuse_init: Min chip rev:     v0.0[0m
[0;32mI (222) efuse_init: Max chip rev:     v3.99 [0m
[0;32mI (226) efuse_init: Chip rev:         v3.1[0m
[0;32mI (230) heap_init: Initializing. RAM available for dynamic allocation:[0m
[0;32mI (236) heap_init: At 3FFAE6E0 len 00001920 (6 KiB): DRAM[0m
[0;32mI (241) heap_init: At 3FFB2CE0 len 0002D320 (180 KiB): DRAM[0m
[0;32mI (247) heap_init: At 3FFE0440 len 00003AE0 (14 KiB): D/IRAM[0m
[0;32mI (252) heap_init: At 3FFE4350 len 0001BCB0 (111 KiB): D/IRAM[0m
[0;32mI (257) heap_init: At 4008D300 len 00012D00 (75 KiB): IRAM[0m
[0;32mI (264) spi_flash: detected chip: generic[0m
[0;32mI (266) spi_flash: flash io: dio[0m
[0;33mW (269) spi_flash: Detected size(4096k) larger than the size in the binary image header(2048k). Using the size in the binary image header.[0m
[0;32mI (282) main_task: Started on CPU0[0m
[0;32mI (292) main_task: Calling app_main()[0m
Initializing I2C master...
[0;33mW (292) i2c.master: Please check pull-up resistances whether be connected properly. Otherwise unexpected behavior would happen. For more detailed information, please read docs[0m
[1;31mE (402) i2c.master: I2C software timeout[0m
[1;31mE (402) i2c.master: s_i2c_synchronous_transaction(945): I2C transaction failed[0m
[1;31mE (402) i2c.master: i2c_master_multi_buffer_transmit(1207): I2C transaction failed[0m
ESP_ERROR_CHECK failed: esp_err_t 0x103 (ESP_ERR_INVALID_STATE) at 0x400d70fe
file: "./main/RTS-lab5.c" line 50
func: app_main
expression: i2c_master_transmit(dev_handle, &reg_addr, 1, pdMS_TO_TICKS(1000))

abort() was called at PC 0x40085c3b on core 0


Backtrace: 0x4008193d:0x3ffb3ec0 0x40085c45:0x3ffb3ee0 0x4008bc01:0x3ffb3f00 0x40085c3b:0x3ffb3f70 0x400d70fe:0x3ffb3fa0 0x400e62a8:0x3ffb3fd0 0x40086689:0x3ffb4000




ELF file SHA256: 905556c85

Rebooting...
ets Jul 29 2019 12:21:46

rst:0xc (SW_CPU_RESET),boot:0x13 (SPI_FAST_FLASH_BOOT)
configsip: 0, SPIWP:0xee
clk_drv:0x00,q_drv:0x00,d_drv:0x00,cs0_drv:0x00,hd_drv:0x00,wp_drv:0x00
mode:DIO, clock div:2
load:0x3fff0030,len:6276
load:0x40078000,len:15736
load:0x40080400,len:4
load:0x40080404,len:3860
entry 0x4008063c
[0;32mI (29) boot: ESP-IDF v5.4.2 2nd stage bootloader[0m
[0;32mI (29) boot: compile time Jul 15 2025 11:04:30[0m
[0;32mI (29) boot: Multicore bootloader[0m
[0;32mI (31) boot: chip revision: v3.1[0m
[0;32mI (33) boot.esp32: SPI Speed      : 40MHz[0m
[0;32mI (37) boot.esp32: SPI Mode       : DIO[0m
[0;32mI (41) boot.esp32: SPI Flash Size : 2MB[0m
[0;32mI (44) boot: Enabling RNG early entropy source...[0m
[0;32mI (49) boot: Partition Table:[0m
[0;32mI (51) boot: ## Label            Usage          Type ST Offset   Length[0m
[0;32mI (58) boot:  0 nvs              WiFi data        01 02 00009000 00006000[0m
[0;32mI (64) boot:  1 phy_init         RF data          01 01 0000f000 00001000[0m
[0;32mI (71) boot:  2 factory          factory app      00 00 00010000 00100000[0m
[0;32mI (77) boot: End of partition table[0m
[0;32mI (81) esp_image: segment 0: paddr=00010020 vaddr=3f400020 size=0b1bch ( 45500) map[0m
[0;32mI (104) esp_image: segment 1: paddr=0001b1e4 vaddr=3ff80000 size=0001ch (    28) load[0m
[0;32mI (104) esp_image: segment 2: paddr=0001b208 vaddr=3ffb0000 size=023e8h (  9192) load[0m
[0;32mI (111) esp_image: segment 3: paddr=0001d5f8 vaddr=40080000 size=02a20h ( 10784) load[0m
[0;32mI (119) esp_image: segment 4: paddr=00020020 vaddr=400d0020 size=16a10h ( 92688) map[0m
[0;32mI (154) esp_image: segment 5: paddr=00036a38 vaddr=40082a20 size=0a8e0h ( 43232) load[0m
[0;32mI (178) boot: Loaded app from partition at offset 0x10000[0m
[0;32mI (178) boot: Disabling RNG early entropy source...[0m
[0;32mI (188) cpu_start: Multicore app[0m
[0;32mI (197) cpu_start: Pro cpu start user code[0m
[0;32mI (197) cpu_start: cpu freq: 160000000 Hz[0m
[0;32mI (197) app_init: Application information:[0m
[0;32mI (197) app_init: Project name:     RTS-lab5[0m
[0;32mI (201) app_init: App version:      28589e0-dirty[0m
[0;32mI (205) app_init: Compile time:     Jul 15 2025 11:04:19[0m
[0;32mI (210) app_init: ELF file SHA256:  905556c85...[0m
[0;32mI (214) app_init: ESP-IDF:          v5.4.2[0m
[0;32mI (218) efuse_init: Min chip rev:     v0.0[0m
[0;32mI (222) efuse_init: Max chip rev:     v3.99 [0m
[0;32mI (226) efuse_init: Chip rev:         v3.1[0m
[0;32mI (230) heap_init: Initializing. RAM available for dynamic allocation:[0m
[0;32mI (236) heap_init: At 3FFAE6E0 len 00001920 (6 KiB): DRAM[0m
[0;32mI (241) heap_init: At 3FFB2CE0 len 0002D320 (180 KiB): DRAM[0m
[0;32mI (247) heap_init: At 3FFE0440 len 00003AE0 (14 KiB): D/IRAM[0m
[0;32mI (252) heap_init: At 3FFE4350 len 0001BCB0 (111 KiB): D/IRAM[0m
[0;32mI (257) heap_init: At 4008D300 len 00012D00 (75 KiB): IRAM[0m
[0;32mI (264) spi_flash: detected chip: generic[0m
[0;32mI (266) spi_flash: flash io: dio[0m
[0;33mW (269) spi_flash: Detected size(4096k) larger than the size in the binary image header(2048k). Using the size in the binary image header.[0m
[0;32mI (282) main_task: Started on CPU0[0m
[0;32mI (292) main_task: Calling app_main()[0m
Initializing I2C master...
[0;33mW (292) i2c.master: Please check pull-up resistances whether be connected properly. Otherwise unexpected behavior would happen. For more detailed information, please read docs[0m
[1;31mE (402) i2c.master: I2C software timeout[0m
[1;31mE (402) i2c.master: s_i2c_synchronous_transaction(945): I2C transaction failed[0m
[1;31mE (402) i2c.master: i2c_master_multi_buffer_transmit(1207): I2C transaction failed[0m
ESP_ERROR_CHECK failed: esp_err_t 0x103 (ESP_ERR_INVALID_STATE) at 0x400d70fe
file: "./main/RTS-lab5.c" line 50
func: app_main
expression: i2c_master_transmit(dev_handle, &reg_addr, 1, pdMS_TO_TICKS(1000))

abort() was called at PC 0x40085c3b on core 0


Backtrace: 0x4008193d:0x3ffb3ec0 0x40085c45:0x3ffb3ee0 0x4008bc01:0x3ffb3f00 0x40085c3b:0x3ffb3f70 0x400d70fe:0x3ffb3fa0 0x400e62a8:0x3ffb3fd0 0x40086689:0x3ffb4000




ELF file SHA256: 905556c85

Rebooting...
ets Jul 29 2019 12:21:46

rst:0xc (SW_CPU_RESET),boot:0x13 (SPI_FAST_FLASH_BOOT)
configsip: 0, SPIWP:0xee
clk_drv:0x00,q_drv:0x00,d_drv:0x00,cs0_drv:0x00,hd_drv:0x00,wp_drv:0x00
mode:DIO, clock div:2
load:0x3fff0030,len:6276
load:0x40078000,len:15736
load:0x40080400,len:4
load:0x40080404,len:3860
entry 0x4008063c
[0;32mI (29) boot: ESP-IDF v5.4.2 2nd stage bootloader[0m
[0;32mI (29) boot: compile time Jul 15 2025 11:04:30[0m
[0;32mI (29) boot: Multicore bootloader[0m
[0;32mI (31) boot: chip revision: v3.1[0m
[0;32mI (33) boot.esp32: SPI Speed      : 40MHz[0m
[0;32mI (37) boot.esp32: SPI Mode       : DIO[0m
[0;32mI (41) boot.esp32: SPI Flash Size : 2MB[0m
[0;32mI (44) boot: Enabling RNG early entropy source...[0m
[0;32mI (49) boot: Partition Table:[0m
[0;32mI (51) boot: ## Label            Usage          Type ST Offset   Length[0m
[0;32mI (58) boot:  0 nvs              WiFi data        01 02 00009000 00006000[0m
[0;32mI (64) boot:  1 phy_init         RF data          01 01 0000f000 00001000[0m
[0;32mI (71) boot:  2 factory          factory app      00 00 00010000 00100000[0m
[0;32mI (77) boot: End of partition table[0m
[0;32mI (81) esp_image: segment 0: paddr=00010020 vaddr=3f400020 size=0b1bch ( 45500) map[0m
[0;32mI (104) esp_image: segment 1: paddr=0001b1e4 vaddr=3ff80000 size=0001ch (    28) load[0m
[0;32mI (104) esp_image: segment 2: paddr=0001b208 vaddr=3ffb0000 size=023e8h (  9192) load[0m
[0;32mI (111) esp_image: segment 3: paddr=0001d5f8 vaddr=40080000 size=02a20h ( 10784) load[0m
[0;32mI (119) esp_image: segment 4: paddr=00020020 vaddr=400d0020 size=16a10h ( 92688) map[0m
[0;32mI (154) esp_image: segment 5: paddr=00036a38 vaddr=40082a20 size=0a8e0h ( 43232) load[0m
[0;32mI (178) boot: Loaded app from partition at offset 0x10000[0m
[0;32mI (178) boot: Disabling RNG early entropy source...[0m
[0;32mI (188) cpu_start: Multicore app[0m
[0;32mI (197) cpu_start: Pro cpu start user code[0m
[0;32mI (197) cpu_start: cpu freq: 160000000 Hz[0m
[0;32mI (197) app_init: Application information:[0m
[0;32mI (197) app_init: Project name:     RTS-lab5[0m
[0;32mI (201) app_init: App version:      28589e0-dirty[0m
[0;32mI (205) app_init: Compile time:     Jul 15 2025 11:04:19[0m
[0;32mI (210) app_init: ELF file SHA256:  905556c85...[0m
[0;32mI (214) app_init: ESP-IDF:          v5.4.2[0m
[0;32mI (218) efuse_init: Min chip rev:     v0.0[0m
[0;32mI (222) efuse_init: Max chip rev:     v3.99 [0m
[0;32mI (226) efuse_init: Chip rev:         v3.1[0m
[0;32mI (230) heap_init: Initializing. RAM available for dynamic allocation:[0m
[0;32mI (236) heap_init: At 3FFAE6E0 len 00001920 (6 KiB): DRAM[0m
[0;32mI (241) heap_init: At 3FFB2CE0 len 0002D320 (180 KiB): DRAM[0m
[0;32mI (247) heap_init: At 3FFE0440 len 00003AE0 (14 KiB): D/IRAM[0m
[0;32mI (252) heap_init: At 3FFE4350 len 0001BCB0 (111 KiB): D/IRAM[0m
[0;32mI (257) heap_init: At 4008D300 len 00012D00 (75 KiB): IRAM[0m
[0;32mI (264) spi_flash: detected chip: generic[0m
[0;32mI (266) spi_flash: flash io: dio[0m
[0;33mW (269) spi_flash: Detected size(4096k) larger than the size in the binary image header(2048k). Using the size in the binary image header.[0m
[0;32mI (282) main_task: Started on CPU0[0m
[0;32mI (292) main_task: Calling app_main()[0m
Initializing I2C master...
[0;33mW (292) i2c.master: Please check pull-up resistances whether be connected properly. Otherwise unexpected behavior would happen. For more detailed information, please read docs[0m
[1;31mE (402) i2c.master: I2C software timeout[0m
[1;31mE (402) i2c.master: s_i2c_synchronous_transaction(945): I2C transaction failed[0m
[1;31mE (402) i2c.master: i2c_master_multi_buffer_transmit(1207): I2C transaction failed[0m
ESP_ERROR_CHECK failed: esp_err_t 0x103 (ESP_ERR_INVALID_STATE) at 0x400d70fe
file: "./main/RTS-lab5.c" line 50
func: app_main
expression: i2c_master_transmit(dev_handle, &reg_addr, 1, pdMS_TO_TICKS(1000))

abort() was called at PC 0x40085c3b on core 0


Backtrace: 0x4008193d:0x3ffb3ec0 0x40085c45:0x3ffb3ee0 0x4008bc01:0x3ffb3f00 0x40085c3b:0x3ffb3f70 0x400d70fe:0x3ffb3fa0 0x400e62a8:0x3ffb3fd0 0x40086689:0x3ffb4000




ELF file SHA256: 905556c85

Rebooting...
ets Jul 29 2019 12:21:46

rst:0xc (SW_CPU_RESET),boot:0x13 (SPI_FAST_FLASH_BOOT)
configsip: 0, SPIWP:0xee
clk_drv:0x00,q_drv:0x00,d_drv:0x00,cs0_drv:0x00,hd_drv:0x00,wp_drv:0x00
mode:DIO, clock div:2
load:0x3fff0030,len:6276
load:0x40078000,len:15736
load:0x40080400,len:4
load:0x40080404,len:3860
entry 0x4008063c
[0;32mI (29) boot: ESP-IDF v5.4.2 2nd stage bootloader[0m
[0;32mI (29) boot: compile time Jul 15 2025 11:04:30[0m
[0;32mI (29) boot: Multicore bootloader[0m
[0;32mI (31) boot: chip revision: v3.1[0m
[0;32mI (33) boot.esp32: SPI Speed      : 40MHz[0m
[0;32mI (37) boot.esp32: SPI Mode       : DIO[0m
[0;32mI (41) boot.esp32: SPI Flash Size : 2MB[0m
[0;32mI (44) boot: Enabling RNG early entropy source...[0m
[0;32mI (49) boot: Partition Table:[0m
[0;32mI (51) boot: ## Label            Usage          Type ST Offset   Length[0m
[0;32mI (58) boot:  0 nvs              WiFi data        01 02 00009000 00006000[0m
[0;32mI (64) boot:  1 phy_init         RF data          01 01 0000f000 00001000[0m
[0;32mI (71) boot:  2 factory          factory app      00 00 00010000 00100000[0m
[0;32mI (77) boot: End of partition table[0m
[0;32mI (81) esp_image: segment 0: paddr=00010020 vaddr=3f400020 size=0b1bch ( 45500) map[0m
[0;32mI (104) esp_image: segment 1: paddr=0001b1e4 vaddr=3ff80000 size=0001ch (    28) load[0m
[0;32mI (104) esp_image: segment 2: paddr=0001b208 vaddr=3ffb0000 size=023e8h (  9192) load[0m
[0;32mI (111) esp_image: segment 3: paddr=0001d5f8 vaddr=40080000 size=02a20h ( 10784) load[0m
[0;32mI (119) esp_image: segment 4: paddr=00020020 vaddr=400d0020 size=16a10h ( 92688) map[0m
[0;32mI (154) esp_image: segment 5: paddr=00036a38 vaddr=40082a20 size=0a8e0h ( 43232) load[0m
[0;32mI (178) boot: Loaded app from partition at offset 0x10000[0m
[0;32mI (178) boot: Disabling RNG early entropy source...[0m
[0;32mI (188) cpu_start: Multicore app[0m
[0;32mI (197) cpu_start: Pro cpu start user code[0m
[0;32mI (197) cpu_start: cpu freq: 160000000 Hz[0m
[0;32mI (197) app_init: Application information:[0m
[0;32mI (197) app_init: Project name:     RTS-lab5[0m
[0;32mI (201) app_init: App version:      28589e0-dirty[0m
[0;32mI (205) app_init: Compile time:     Jul 15 2025 11:04:19[0m
[0;32mI (210) app_init: ELF file SHA256:  905556c85...[0m
[0;32mI (214) app_init: ESP-IDF:          v5.4.2[0m
[0;32mI (218) efuse_init: Min chip rev:     v0.0[0m
[0;32mI (222) efuse_init: Max chip rev:     v3.99 [0m
[0;32mI (226) efuse_init: Chip rev:         v3.1[0m
[0;32mI (230) heap_init: Initializing. RAM available for dynamic allocation:[0m
[0;32mI (236) heap_init: At 3FFAE6E0 len 00001920 (6 KiB): DRAM[0m
[0;32mI (241) heap_init: At 3FFB2CE0 len 0002D320 (180 KiB): DRAM[0m
[0;32mI (247) heap_init: At 3FFE0440 len 00003AE0 (14 KiB): D/IRAM[0m
[0;32mI (252) heap_init: At 3FFE4350 len 0001BCB0 (111 KiB): D/IRAM[0m
[0;32mI (257) heap_init: At 4008D300 len 00012D00 (75 KiB): IRAM[0m
[0;32mI (264) spi_flash: detected chip: generic[0m
[0;32mI (266) spi_flash: flash io: dio[0m
[0;33mW (269) spi_flash: Detected size(4096k) larger than the size in the binary image header(2048k). Using the size in the binary image header.[0m
[0;32mI (282) main_task: Started on CPU0[0m
[0;32mI (292) main_task: Calling app_main()[0m
Initializing I2C master...
[0;33mW (292) i2c.master: Please check pull-up resistances whether be connected properly. Otherwise unexpected behavior would happen. For more detailed information, please read docs[0m
[1;31mE (402) i2c.master: I2C software timeout[0m
[1;31mE (402) i2c.master: s_i2c_synchronous_transaction(945): I2C transaction failed[0m
[1;31mE (402) i2c.master: i2c_master_multi_buffer_transmit(1207): I2C transaction failed[0m
ESP_ERROR_CHECK failed: esp_err_t 0x103 (ESP_ERR_INVALID_STATE) at 0x400d70fe
file: "./main/RTS-lab5.c" line 50
func: app_main
expression: i2c_master_transmit(dev_handle, &reg_addr, 1, pdMS_TO_TICKS(1000))

abort() was called at PC 0x40085c3b on core 0


Backtrace: 0x4008193d:0x3ffb3ec0 0x40085c45:0x3ffb3ee0 0x4008bc01:0x3ffb3f00 0x40085c3b:0x3ffb3f70 0x400d70fe:0x3ffb3fa0 0x400e62a8:0x3ffb3fd0 0x40086689:0x3ffb4000




ELF file SHA256: 905556c85

Rebooting...
ets Jul 29 2019 12:21:46

rst:0xc (SW_CPU_RESET),boot:0x13 (SPI_FAST_FLASH_BOOT)
configsip: 0, SPIWP:0xee
clk_drv:0x00,q_drv:0x00,d_drv:0x00,cs0_drv:0x00,hd_drv:0x00,wp_drv:0x00
mode:DIO, clock div:2
load:0x3fff0030,len:6276
load:0x40078000,len:15736
load:0x40080400,len:4
load:0x40080404,len:3860
entry 0x4008063c
[0;32mI (29) boot: ESP-IDF v5.4.2 2nd stage bootloader[0m
[0;32mI (29) boot: compile time Jul 15 2025 11:04:30[0m
[0;32mI (29) boot: Multicore bootloader[0m
[0;32mI (31) boot: chip revision: v3.1[0m
[0;32mI (33) boot.esp32: SPI Speed      : 40MHz[0m
[0;32mI (37) boot.esp32: SPI Mode       : DIO[0m
[0;32mI (41) boot.esp32: SPI Flash Size : 2MB[0m
[0;32mI (44) boot: Enabling RNG early entropy source...[0m
[0;32mI (49) boot: Partition Table:[0m
[0;32mI (51) boot: ## Label            Usage          Type ST Offset   Length[0m
[0;32mI (58) boot:  0 nvs              WiFi data        01 02 00009000 00006000[0m
[0;32mI (64) boot:  1 phy_init         RF data          01 01 0000f000 00001000[0m
[0;32mI (71) boot:  2 factory          factory app      00 00 00010000 00100000[0m
[0;32mI (77) boot: End of partition table[0m
[0;32mI (81) esp_image: segment 0: paddr=00010020 vaddr=3f400020 size=0b1bch ( 45500) map[0m
[0;32mI (104) esp_image: segment 1: paddr=0001b1e4 vaddr=3ff80000 size=0001ch (    28) load[0m
[0;32mI (104) esp_image: segment 2: paddr=0001b208 vaddr=3ffb0000 size=023e8h (  9192) load[0m
[0;32mI (111) esp_image: segment 3: paddr=0001d5f8 vaddr=40080000 size=02a20h ( 10784) load[0m
[0;32mI (119) esp_image: segment 4: paddr=00020020 vaddr=400d0020 size=16a10h ( 92688) map[0m
[0;32mI (154) esp_image: segment 5: paddr=00036a38 vaddr=40082a20 size=0a8e0h ( 43232) load[0m
[0;32mI (178) boot: Loaded app from partition at offset 0x10000[0m
[0;32mI (178) boot: Disabling RNG early entropy source...[0m
[0;32mI (188) cpu_start: Multicore app[0m
[0;32mI (197) cpu_start: Pro cpu start user code[0m
[0;32mI (197) cpu_start: cpu freq: 160000000 Hz[0m
[0;32mI (197) app_init: Application information:[0m
[0;32mI (197) app_init: Project name:     RTS-lab5[0m
[0;32mI (201) app_init: App version:      28589e0-dirty[0m
[0;32mI (205) app_init: Compile time:     Jul 15 2025 11:04:19[0m
[0;32mI (210) app_init: ELF file SHA256:  905556c85...[0m
[0;32mI (214) app_init: ESP-IDF:          v5.4.2[0m
[0;32mI (218) efuse_init: Min chip rev:     v0.0[0m
[0;32mI (222) efuse_init: Max chip rev:     v3.99 [0m
[0;32mI (226) efuse_init: Chip rev:         v3.1[0m
[0;32mI (230) heap_init: Initializing. RAM available for dynamic allocation:[0m
[0;32mI (236) heap_init: At 3FFAE6E0 len 00001920 (6 KiB): DRAM[0m
[0;32mI (241) heap_init: At 3FFB2CE0 len 0002D320 (180 KiB): DRAM[0m
[0;32mI (247) heap_init: At 3FFE0440 len 00003AE0 (14 KiB): D/IRAM[0m
[0;32mI (252) heap_init: At 3FFE4350 len 0001BCB0 (111 KiB): D/IRAM[0m
[0;32mI (257) heap_init: At 4008D300 len 00012D00 (75 KiB): IRAM[0m
[0;32mI (264) spi_flash: detected chip: generic[0m
[0;32mI (266) spi_flash: flash io: dio[0m
[0;33mW (269) spi_flash: Detected size(4096k) larger than the size in the binary image header(2048k). Using the size in the binary image header.[0m
[0;32mI (282) main_task: Started on CPU0[0m
[0;32mI (292) main_task: Calling app_main()[0m
Initializing I2C master...
[0;33mW (292) i2c.master: Please check pull-up resistances whether be connected properly. Otherwise unexpected behavior would happen. For more detailed information, please read docs[0m
[1;31mE (402) i2c.master: I2C software timeout[0m
[1;31mE (402) i2c.master: s_i2c_synchronous_transaction(945): I2C transaction failed[0m
[1;31mE (402) i2c.master: i2c_master_multi_buffer_transmit(1207): I2C transaction failed[0m
ESP_ERROR_CHECK failed: esp_err_t 0x103 (ESP_ERR_INVALID_STATE) at 0x400d70fe
file: "./main/RTS-lab5.c" line 50
func: app_main
expression: i2c_master_transmit(dev_handle, &reg_addr, 1, pdMS_TO_TICKS(1000))

abort() was called at PC 0x40085c3b on core 0


Backtrace: 0x4008193d:0x3ffb3ec0 0x40085c45:0x3ffb3ee0 0x4008bc01:0x3ffb3f00 0x40085c3b:0x3ffb3f70 0x400d70fe:0x3ffb3fa0 0x400e62a8:0x3ffb3fd0 0x40086689:0x3ffb4000




ELF file SHA256: 905556c85

Rebooting...
ets Jul 29 2019 12:21:46

rst:0xc (SW_CPU_RESET),boot:0x13 (SPI_FAST_FLASH_BOOT)
configsip: 0, SPIWP:0xee
clk_drv:0x00,q_drv:0x00,d_drv:0x00,cs0_drv:0x00,hd_drv:0x00,wp_drv:0x00
mode:DIO, clock div:2
load:0x3fff0030,len:6276
load:0x40078000,len:15736
load:0x40080400,len:4
load:0x40080404,len:3860
entry 0x4008063c
[0;32mI (29) boot: ESP-IDF v5.4.2 2nd stage bootloader[0m
[0;32mI (29) boot: compile time Jul 15 2025 11:04:30[0m
[0;32mI (29) boot: Multicore bootloader[0m
[0;32mI (31) boot: chip revision: v3.1[0m
[0;32mI (33) boot.esp32: SPI Speed      : 40MHz[0m
[0;32mI (37) boot.esp32: SPI Mode       : DIO[0m
[0;32mI (41) boot.esp32: SPI Flash Size : 2MB[0m
[0;32mI (44) boot: Enabling RNG early entropy source...[0m
[0;32mI (49) boot: Partition Table:[0m
[0;32mI (51) boot: ## Label            Usage          Type ST Offset   Length[0m
[0;32mI (58) boot:  0 nvs              WiFi data        01 02 00009000 00006000[0m
[0;32mI (64) boot:  1 phy_init         RF data          01 01 0000f000 00001000[0m
[0;32mI (71) boot:  2 factory          factory app      00 00 00010000 00100000[0m
[0;32mI (77) boot: End of partition table[0m
[0;32mI (81) esp_image: segment 0: paddr=00010020 vaddr=3f400020 size=0b1bch ( 45500) map[0m
[0;32mI (104) esp_image: segment 1: paddr=0001b1e4 vaddr=3ff80000 size=0001ch (    28) load[0m
[0;32mI (104) esp_image: segment 2: paddr=0001b208 vaddr=3ffb0000 size=023e8h (  9192) load[0m
[0;32mI (111) esp_image: segment 3: paddr=0001d5f8 vaddr=40080000 size=02a20h ( 10784) load[0m
[0;32mI (119) esp_image: segment 4: paddr=00020020 vaddr=400d0020 size=16a10h ( 92688) map[0m
[0;32mI (154) esp_image: segment 5: paddr=00036a38 vaddr=40082a20 size=0a8e0h ( 43232) load[0m
[0;32mI (178) boot: Loaded app from partition at offset 0x10000[0m
[0;32mI (178) boot: Disabling RNG early entropy source...[0m
[0;32mI (188) cpu_start: Multicore app[0m
[0;32mI (197) cpu_start: Pro cpu start user code[0m
[0;32mI (197) cpu_start: cpu freq: 160000000 Hz[0m
[0;32mI (197) app_init: Application information:[0m
[0;32mI (197) app_init: Project name:     RTS-lab5[0m
[0;32mI (201) app_init: App version:      28589e0-dirty[0m
[0;32mI (205) app_init: Compile time:     Jul 15 2025 11:04:19[0m
[0;32mI (210) app_init: ELF file SHA256:  905556c85...[0m
[0;32mI (214) app_init: ESP-IDF:          v5.4.2[0m
[0;32mI (218) efuse_init: Min chip rev:     v0.0[0m
[0;32mI (222) efuse_init: Max chip rev:     v3.99 [0m
[0;32mI (226) efuse_init: Chip rev:         v3.1[0m
[0;32mI (230) heap_init: Initializing. RAM available for dynamic allocation:[0m
[0;32mI (236) heap_init: At 3FFAE6E0 len 00001920 (6 KiB): DRAM[0m
[0;32mI (241) heap_init: At 3FFB2CE0 len 0002D320 (180 KiB): DRAM[0m
[0;32mI (247) heap_init: At 3FFE0440 len 00003AE0 (14 KiB): D/IRAM[0m
[0;32mI (252) heap_init: At 3FFE4350 len 0001BCB0 (111 KiB): D/IRAM[0m
[0;32mI (257) heap_init: At 4008D300 len 00012D00 (75 KiB): IRAM[0m
[0;32mI (264) spi_flash: detected chip: generic[0m
[0;32mI (266) spi_flash: flash io: dio[0m
[0;33mW (269) spi_flash: Detected size(4096k) larger than the size in the binary image header(2048k). Using the size in the binary image header.[0m
[0;32mI (282) main_task: Started on CPU0[0m
[0;32mI (292) main_task: Calling app_main()[0m
Initializing I2C master...
[0;33mW (292) i2c.master: Please check pull-up resistances whether be connected properly. Otherwise unexpected behavior would happen. For more detailed information, please read docs[0m
[1;31mE (402) i2c.master: I2C software timeout[0m
[1;31mE (402) i2c.master: s_i2c_synchronous_transaction(945): I2C transaction failed[0m
[1;31mE (402) i2c.master: i2c_master_multi_buffer_transmit(1207): I2C transaction failed[0m
ESP_ERROR_CHECK failed: esp_err_t 0x103 (ESP_ERR_INVALID_STATE) at 0x400d70fe
file: "./main/RTS-lab5.c" line 50
func: app_main
expression: i2c_master_transmit(dev_handle, &reg_addr, 1, pdMS_TO_TICKS(1000))

abort() was called at PC 0x40085c3b on core 0


Backtrace: 0x4008193d:0x3ffb3ec0 0x40085c45:0x3ffb3ee0 0x4008bc01:0x3ffb3f00 0x40085c3b:0x3ffb3f70 0x400d70fe:0x3ffb3fa0 0x400e62a8:0x3ffb3fd0 0x40086689:0x3ffb4000




ELF file SHA256: 905556c85

Rebooting...
ets Jul 29 2019 12:21:46

rst:0xc (SW_CPU_RESET),boot:0x13 (SPI_FAST_FLASH_BOOT)
configsip: 0, SPIWP:0xee
clk_drv:0x00,q_drv:0x00,d_drv:0x00,cs0_drv:0x00,hd_drv:0x00,wp_drv:0x00
mode:DIO, clock div:2
load:0x3fff0030,len:6276
load:0x40078000,len:15736
load:0x40080400,len:4
load:0x40080404,len:3860
entry 0x4008063c
[0;32mI (29) boot: ESP-IDF v5.4.2 2nd stage bootloader[0m
[0;32mI (29) boot: compile time Jul 15 2025 11:04:30[0m
[0;32mI (29) boot: Multicore bootloader[0m
[0;32mI (31) boot: chip revision: v3.1[0m
[0;32mI (33) boot.esp32: SPI Speed      : 40MHz[0m
[0;32mI (37) boot.esp32: SPI Mode       : DIO[0m
[0;32mI (41) boot.esp32: SPI Flash Size : 2MB[0m
[0;32mI (44) boot: Enabling RNG early entropy source...[0m
[0;32mI (49) boot: Partition Table:[0m
[0;32mI (51) boot: ## Label            Usage          Type ST Offset   Length[0m
[0;32mI (58) boot:  0 nvs              WiFi data        01 02 00009000 00006000[0m
[0;32mI (64) boot:  1 phy_init         RF data          01 01 0000f000 00001000[0m
[0;32mI (71) boot:  2 factory          factory app      00 00 00010000 00100000[0m
[0;32mI (77) boot: End of partition table[0m
[0;32mI (81) esp_image: segment 0: paddr=00010020 vaddr=3f400020 size=0b1bch ( 45500) map[0m
[0;32mI (104) esp_image: segment 1: paddr=0001b1e4 vaddr=3ff80000 size=0001ch (    28) load[0m
[0;32mI (104) esp_image: segment 2: paddr=0001b208 vaddr=3ffb0000 size=023e8h (  9192) load[0m
[0;32mI (111) esp_image: segment 3: paddr=0001d5f8 vaddr=40080000 size=02a20h ( 10784) load[0m
[0;32mI (119) esp_image: segment 4: paddr=00020020 vaddr=400d0020 size=16a10h ( 92688) map[0m
[0;32mI (154) esp_image: segment 5: paddr=00036a38 vaddr=40082a20 size=0a8e0h ( 43232) load[0m
[0;32mI (178) boot: Loaded app from partition at offset 0x10000[0m
[0;32mI (178) boot: Disabling RNG early entropy source...[0m
[0;32mI (188) cpu_start: Multicore app[0m
[0;32mI (197) cpu_start: Pro cpu start user code[0m
[0;32mI (197) cpu_start: cpu freq: 160000000 Hz[0m
[0;32mI (197) app_init: Application information:[0m
[0;32mI (197) app_init: Project name:     RTS-lab5[0m
[0;32mI (201) app_init: App version:      28589e0-dirty[0m
[0;32mI (205) app_init: Compile time:     Jul 15 2025 11:04:19[0m
[0;32mI (210) app_init: ELF file SHA256:  905556c85...[0m
[0;32mI (214) app_init: ESP-IDF:          v5.4.2[0m
[0;32mI (218) efuse_init: Min chip rev:     v0.0[0m
[0;32mI (222) efuse_init: Max chip rev:     v3.99 [0m
[0;32mI (226) efuse_init: Chip rev:         v3.1[0m
[0;32mI (230) heap_init: Initializing. RAM available for dynamic allocation:[0m
[0;32mI (236) heap_init: At 3FFAE6E0 len 00001920 (6 KiB): DRAM[0m
[0;32mI (241) heap_init: At 3FFB2CE0 len 0002D320 (180 KiB): DRAM[0m
[0;32mI (247) heap_init: At 3FFE0440 len 00003AE0 (14 KiB): D/IRAM[0m
[0;32mI (252) heap_init: At 3FFE4350 len 0001BCB0 (111 KiB): D/IRAM[0m
[0;32mI (257) heap_init: At 4008D300 len 00012D00 (75 KiB): IRAM[0m
[0;32mI (264) spi_flash: detected chip: generic[0m
[0;32mI (266) spi_flash: flash io: dio[0m
[0;33mW (269) spi_flash: Detected size(4096k) larger than the size in the binary image header(2048k). Using the size in the binary image header.[0m
[0;32mI (282) main_task: Started on CPU0[0m
[0;32mI (292) main_task: Calling app_main()[0m
Initializing I2C master...
[0;33mW (292) i2c.master: Please check pull-up resistances whether be connected properly. Otherwise unexpected behavior would happen. For more detailed information, please read docs[0m
[1;31mE (402) i2c.master: I2C software timeout[0m
[1;31mE (402) i2c.master: s_i2c_synchronous_transaction(945): I2C transaction failed[0m
[1;31mE (402) i2c.master: i2c_master_multi_buffer_transmit(1207): I2C transaction failed[0m
ESP_ERROR_CHECK failed: esp_err_t 0x103 (ESP_ERR_INVALID_STATE) at 0x400d70fe
file: "./main/RTS-lab5.c" line 50
func: app_main
expression: i2c_master_transmit(dev_handle, &reg_addr, 1, pdMS_TO_TICKS(1000))

abort() was called at PC 0x40085c3b on core 0


Backtrace: 0x4008193d:0x3ffb3ec0 0x40085c45:0x3ffb3ee0 0x4008bc01:0x3ffb3f00 0x40085c3b:0x3ffb3f70 0x400d70fe:0x3ffb3fa0 0x400e62a8:0x3ffb3fd0 0x40086689:0x3ffb4000




ELF file SHA256: 905556c85

Rebooting...
ets Jul 29 2019 12:21:46

rst:0xc (SW_CPU_RESET),boot:0x13 (SPI_FAST_FLASH_BOOT)
configsip: 0, SPIWP:0xee
clk_drv:0x00,q_drv:0x00,d_drv:0x00,cs0_drv:0x00,hd_drv:0x00,wp_drv:0x00
mode:DIO, clock div:2
load:0x3fff0030,len:6276
load:0x40078000,len:15736
load:0x40080400,len:4
load:0x40080404,len:3860
entry 0x4008063c
[0;32mI (29) boot: ESP-IDF v5.4.2 2nd stage bootloader[0m
[0;32mI (29) boot: compile time Jul 15 2025 11:04:30[0m
[0;32mI (29) boot: Multicore bootloader[0m
[0;32mI (31) boot: chip revision: v3.1[0m
[0;32mI (33) boot.esp32: SPI Speed      : 40MHz[0m
[0;32mI (37) boot.esp32: SPI Mode       : DIO[0m
[0;32mI (41) boot.esp32: SPI Flash Size : 2MB[0m
[0;32mI (44) boot: Enabling RNG early entropy source...[0m
[0;32mI (49) boot: Partition Table:[0m
[0;32mI (51) boot: ## Label            Usage          Type ST Offset   Length[0m
[0;32mI (58) boot:  0 nvs              WiFi data        01 02 00009000 00006000[0m
[0;32mI (64) boot:  1 phy_init         RF data          01 01 0000f000 00001000[0m
[0;32mI (71) boot:  2 factory          factory app      00 00 00010000 00100000[0m
[0;32mI (77) boot: End of partition table[0m
[0;32mI (81) esp_image: segment 0: paddr=00010020 vaddr=3f400020 size=0b1bch ( 45500) map[0m
[0;32mI (104) esp_image: segment 1: paddr=0001b1e4 vaddr=3ff80000 size=0001ch (    28) load[0m
[0;32mI (104) esp_image: segment 2: paddr=0001b208 vaddr=3ffb0000 size=023e8h (  9192) load[0m
[0;32mI (111) esp_image: segment 3: paddr=0001d5f8 vaddr=40080000 size=02a20h ( 10784) load[0m
[0;32mI (119) esp_image: segment 4: paddr=00020020 vaddr=400d0020 size=16a10h ( 92688) map[0m
[0;32mI (154) esp_image: segment 5: paddr=00036a38 vaddr=40082a20 size=0a8e0h ( 43232) load[0m
[0;32mI (178) boot: Loaded app from partition at offset 0x10000[0m
[0;32mI (178) boot: Disabling RNG early entropy source...[0m
[0;32mI (188) cpu_start: Multicore app[0m
[0;32mI (197) cpu_start: Pro cpu start user code[0m
[0;32mI (197) cpu_start: cpu freq: 160000000 Hz[0m
[0;32mI (197) app_init: Application information:[0m
[0;32mI (197) app_init: Project name:     RTS-lab5[0m
[0;32mI (201) app_init: App version:      28589e0-dirty[0m
[0;32mI (205) app_init: Compile time:     Jul 15 2025 11:04:19[0m
[0;32mI (210) app_init: ELF file SHA256:  905556c85...[0m
[0;32mI (214) app_init: ESP-IDF:          v5.4.2[0m
[0;32mI (218) efuse_init: Min chip rev:     v0.0[0m
[0;32mI (222) efuse_init: Max chip rev:     v3.99 [0m
[0;32mI (226) efuse_init: Chip rev:         v3.1[0m
[0;32mI (230) heap_init: Initializing. RAM available for dynamic allocation:[0m
[0;32mI (236) heap_init: At 3FFAE6E0 len 00001920 (6 KiB): DRAM[0m
[0;32mI (241) heap_init: At 3FFB2CE0 len 0002D320 (180 KiB): DRAM[0m
[0;32mI (247) heap_init: At 3FFE0440 len 00003AE0 (14 KiB): D/IRAM[0m
[0;32mI (252) heap_init: At 3FFE4350 len 0001BCB0 (111 KiB): D/IRAM[0m
[0;32mI (257) heap_init: At 4008D300 len 00012D00 (75 KiB): IRAM[0m
[0;32mI (264) spi_flash: detected chip: generic[0m
[0;32mI (266) spi_flash: flash io: dio[0m
[0;33mW (269) spi_flash: Detected size(4096k) larger than the size in the binary image header(2048k). Using the size in the binary image header.[0m
[0;32mI (282) main_task: Started on CPU0[0m
[0;32mI (292) main_task: Calling app_main()[0m
Initializing I2C master...
[0;33mW (292) i2c.master: Please check pull-up resistances whether be connected properly. Otherwise unexpected behavior would happen. For more detailed information, please read docs[0m
[1;31mE (402) i2c.master: I2C software timeout[0m
[1;31mE (402) i2c.master: s_i2c_synchronous_transaction(945): I2C transaction failed[0m
[1;31mE (402) i2c.master: i2c_master_multi_buffer_transmit(1207): I2C transaction failed[0m
ESP_ERROR_CHECK failed: esp_err_t 0x103 (ESP_ERR_INVALID_STATE) at 0x400d70fe
file: "./main/RTS-lab5.c" line 50
func: app_main
expression: i2c_master_transmit(dev_handle, &reg_addr, 1, pdMS_TO_TICKS(1000))

abort() was called at PC 0x40085c3b on core 0


Backtrace: 0x4008193d:0x3ffb3ec0 0x40085c45:0x3ffb3ee0 0x4008bc01:0x3ffb3f00 0x40085c3b:0x3ffb3f70 0x400d70fe:0x3ffb3fa0 0x400e62a8:0x3ffb3fd0 0x40086689:0x3ffb4000




ELF file SHA256: 905556c85

Rebooting...
ets Jul 29 2019 12:21:46

rst:0xc (SW_CPU_RESET),boot:0x13 (SPI_FAST_FLASH_BOOT)
configsip: 0, SPIWP:0xee
clk_drv:0x00,q_drv:0x00,d_drv:0x00,cs0_drv:0x00,hd_drv:0x00,wp_drv:0x00
mode:DIO, clock div:2
load:0x3fff0030,len:6276
load:0x40078000,len:15736
load:0x40080400,len:4
load:0x40080404,len:3860
entry 0x4008063c
[0;32mI (29) boot: ESP-IDF v5.4.2 2nd stage bootloader[0m
[0;32mI (29) boot: compile time Jul 15 2025 11:04:30[0m
[0;32mI (29) boot: Multicore bootloader[0m
[0;32mI (31) boot: chip revision: v3.1[0m
[0;32mI (33) boot.esp32: SPI Speed      : 40MHz[0m
[0;32mI (37) boot.esp32: SPI Mode       : DIO[0m
[0;32mI (41) boot.esp32: SPI Flash Size : 2MB[0m
[0;32mI (44) boot: Enabling RNG early entropy source...[0m
[0;32mI (49) boot: Partition Table:[0m
[0;32mI (51) boot: ## Label            Usage          Type ST Offset   Length[0m
[0;32mI (58) boot:  0 nvs              WiFi data        01 02 00009000 00006000[0m
[0;32mI (64) boot:  1 phy_init         RF data          01 01 0000f000 00001000[0m
[0;32mI (71) boot:  2 factory          factory app      00 00 00010000 00100000[0m
[0;32mI (77) boot: End of partition table[0m
[0;32mI (81) esp_image: segment 0: paddr=00010020 vaddr=3f400020 size=0b1bch ( 45500) map[0m
[0;32mI (104) esp_image: segment 1: paddr=0001b1e4 vaddr=3ff80000 size=0001ch (    28) load[0m
[0;32mI (104) esp_image: segment 2: paddr=0001b208 vaddr=3ffb0000 size=023e8h (  9192) load[0m
[0;32mI (111) esp_image: segment 3: paddr=0001d5f8 vaddr=40080000 size=02a20h ( 10784) load[0m
[0;32mI (119) esp_image: segment 4: paddr=00020020 vaddr=400d0020 size=16a10h ( 92688) map[0m
[0;32mI (154) esp_image: segment 5: paddr=00036a38 vaddr=40082a20 size=0a8e0h ( 43232) load[0m
[0;32mI (178) boot: Loaded app from partition at offset 0x10000[0m
[0;32mI (178) boot: Disabling RNG early entropy source...[0m
[0;32mI (188) cpu_start: Multicore app[0m
[0;32mI (197) cpu_start: Pro cpu start user code[0m
[0;32mI (197) cpu_start: cpu freq: 160000000 Hz[0m
[0;32mI (197) app_init: Application information:[0m
[0;32mI (197) app_init: Project name:     RTS-lab5[0m
[0;32mI (201) app_init: App version:      28589e0-dirty[0m
[0;32mI (205) app_init: Compile time:     Jul 15 2025 11:04:19[0m
[0;32mI (210) app_init: ELF file SHA256:  905556c85...[0m
[0;32mI (214) app_init: ESP-IDF:          v5.4.2[0m
[0;32mI (218) efuse_init: Min chip rev:     v0.0[0m
[0;32mI (222) efuse_init: Max chip rev:     v3.99 [0m
[0;32mI (226) efuse_init: Chip rev:         v3.1[0m
[0;32mI (230) heap_init: Initializing. RAM available for dynamic allocation:[0m
[0;32mI (236) heap_init: At 3FFAE6E0 len 00001920 (6 KiB): DRAM[0m
[0;32mI (241) heap_init: At 3FFB2CE0 len 0002D320 (180 KiB): DRAM[0m
[0;32mI (247) heap_init: At 3FFE0440 len 00003AE0 (14 KiB): D/IRAM[0m
[0;32mI (252) heap_init: At 3FFE4350 len 0001BCB0 (111 KiB): D/IRAM[0m
[0;32mI (257) heap_init: At 4008D300 len 00012D00 (75 KiB): IRAM[0m
[0;32mI (264) spi_flash: detected chip: generic[0m
[0;32mI (266) spi_flash: flash io: dio[0m
[0;33mW (269) spi_flash: Detected size(4096k) larger than the size in the binary image header(2048k). Using the size in the binary image header.[0m
[0;32mI (282) main_task: Started on CPU0[0m
[0;32mI (292) main_task: Calling app_main()[0m
Initializing I2C master...
[0;33mW (292) i2c.master: Please check pull-up resistances whether be connected properly. Otherwise unexpected behavior would happen. For more detailed information, please read docs[0m
[1;31mE (402) i2c.master: I2C software timeout[0m
[1;31mE (402) i2c.master: s_i2c_synchronous_transaction(945): I2C transaction failed[0m
[1;31mE (402) i2c.master: i2c_master_multi_buffer_transmit(1207): I2C transaction failed[0m
ESP_ERROR_CHECK failed: esp_err_t 0x103 (ESP_ERR_INVALID_STATE) at 0x400d70fe
file: "./main/RTS-lab5.c" line 50
func: app_main
expression: i2c_master_transmit(dev_handle, &reg_addr, 1, pdMS_TO_TICKS(1000))

abort() was called at PC 0x40085c3b on core 0


Backtrace: 0x4008193d:0x3ffb3ec0 0x40085c45:0x3ffb3ee0 0x4008bc01:0x3ffb3f00 0x40085c3b:0x3ffb3f70 0x400d70fe:0x3ffb3fa0 0x400e62a8:0x3ffb3fd0 0x40086689:0x3ffb4000




ELF file SHA256: 905556c85

Rebooting...
ets Jul 29 2019 12:21:46

rst:0xc (SW_CPU_RESET),boot:0x13 (SPI_FAST_FLASH_BOOT)
configsip: 0, SPIWP:0xee
clk_drv:0x00,q_drv:0x00,d_drv:0x00,cs0_drv:0x00,hd_drv:0x00,wp_drv:0x00
mode:DIO, clock div:2
load:0x3fff0030,len:6276
load:0x40078000,len:15736
load:0x40080400,len:4
load:0x40080404,len:3860
entry 0x4008063c
[0;32mI (29) boot: ESP-IDF v5.4.2 2nd stage bootloader[0m
[0;32mI (29) boot: compile time Jul 15 2025 11:04:30[0m
[0;32mI (29) boot: Multicore bootloader[0m
[0;32mI (31) boot: chip revision: v3.1[0m
[0;32mI (33) boot.esp32: SPI Speed      : 40MHz[0m
[0;32mI (37) boot.esp32: SPI Mode       : DIO[0m
[0;32mI (41) boot.esp32: SPI Flash Size : 2MB[0m
[0;32mI (44) boot: Enabling RNG early entropy source...[0m
[0;32mI (49) boot: Partition Table:[0m
[0;32mI (51) boot: ## Label            Usage          Type ST Offset   Length[0m
[0;32mI (58) boot:  0 nvs              WiFi data        01 02 00009000 00006000[0m
[0;32mI (64) boot:  1 phy_init         RF data          01 01 0000f000 00001000[0m
[0;32mI (71) boot:  2 factory          factory app      00 00 00010000 00100000[0m
[0;32mI (77) boot: End of partition table[0m
[0;32mI (81) esp_image: segment 0: paddr=00010020 vaddr=3f400020 size=0b1bch ( 45500) map[0m
[0;32mI (104) esp_image: segment 1: paddr=0001b1e4 vaddr=3ff80000 size=0001ch (    28) load[0m
[0;32mI (104) esp_image: segment 2: paddr=0001b208 vaddr=3ffb0000 size=023e8h (  9192) load[0m
[0;32mI (111) esp_image: segment 3: paddr=0001d5f8 vaddr=40080000 size=02a20h ( 10784) load[0m
[0;32mI (119) esp_image: segment 4: paddr=00020020 vaddr=400d0020 size=16a10h ( 92688) map[0m
[0;32mI (154) esp_image: segment 5: paddr=00036a38 vaddr=40082a20 size=0a8e0h ( 43232) load[0m
[0;32mI (178) boot: Loaded app from partition at offset 0x10000[0m
[0;32mI (178) boot: Disabling RNG early entropy source...[0m
[0;32mI (188) cpu_start: Multicore app[0m
[0;32mI (197) cpu_start: Pro cpu start user code[0m
[0;32mI (197) cpu_start: cpu freq: 160000000 Hz[0m
[0;32mI (197) app_init: Application information:[0m
[0;32mI (197) app_init: Project name:     RTS-lab5[0m
[0;32mI (201) app_init: App version:      28589e0-dirty[0m
[0;32mI (205) app_init: Compile time:     Jul 15 2025 11:04:19[0m
[0;32mI (210) app_init: ELF file SHA256:  905556c85...[0m
[0;32mI (214) app_init: ESP-IDF:          v5.4.2[0m
[0;32mI (218) efuse_init: Min chip rev:     v0.0[0m
[0;32mI (222) efuse_init: Max chip rev:     v3.99 [0m
[0;32mI (226) efuse_init: Chip rev:         v3.1[0m
[0;32mI (230) heap_init: Initializing. RAM available for dynamic allocation:[0m
[0;32mI (236) heap_init: At 3FFAE6E0 len 00001920 (6 KiB): DRAM[0m
[0;32mI (241) heap_init: At 3FFB2CE0 len 0002D320 (180 KiB): DRAM[0m
[0;32mI (247) heap_init: At 3FFE0440 len 00003AE0 (14 KiB): D/IRAM[0m
[0;32mI (252) heap_init: At 3FFE4350 len 0001BCB0 (111 KiB): D/IRAM[0m
[0;32mI (257) heap_init: At 4008D300 len 00012D00 (75 KiB): IRAM[0m
[0;32mI (264) spi_flash: detected chip: generic[0m
[0;32mI (266) spi_flash: flash io: dio[0m
[0;33mW (269) spi_flash: Detected size(4096k) larger than the size in the binary image header(2048k). Using the size in the binary image header.[0m
[0;32mI (282) main_task: Started on CPU0[0m
[0;32mI (292) main_task: Calling app_main()[0m
Initializing I2C master...
[0;33mW (292) i2c.master: Please check pull-up resistances whether be connected properly. Otherwise unexpected behavior would happen. For more detailed information, please read docs[0m
[1;31mE (402) i2c.master: I2C software timeout[0m
[1;31mE (402) i2c.master: s_i2c_synchronous_transaction(945): I2C transaction failed[0m
[1;31mE (402) i2c.master: i2c_master_multi_buffer_transmit(1207): I2C transaction failed[0m
ESP_ERROR_CHECK failed: esp_err_t 0x103 (ESP_ERR_INVALID_STATE) at 0x400d70fe
file: "./main/RTS-lab5.c" line 50
func: app_main
expression: i2c_master_transmit(dev_handle, &reg_addr, 1, pdMS_TO_TICKS(1000))

abort() was called at PC 0x40085c3b on core 0


Backtrace: 0x4008193d:0x3ffb3ec0 0x40085c45:0x3ffb3ee0 0x4008bc01:0x3ffb3f00 0x40085c3b:0x3ffb3f70 0x400d70fe:0x3ffb3fa0 0x400e62a8:0x3ffb3fd0 0x40086689:0x3ffb4000




ELF file SHA256: 905556c85

Rebooting...
ets Jul 29 2019 12:21:46

rst:0xc (SW_CPU_RESET),boot:0x13 (SPI_FAST_FLASH_BOOT)
configsip: 0, SPIWP:0xee
clk_drv:0x00,q_drv:0x00,d_drv:0x00,cs0_drv:0x00,hd_drv:0x00,wp_drv:0x00
mode:DIO, clock div:2
load:0x3fff0030,len:6276
load:0x40078000,len:15736
load:0x40080400,len:4
load:0x40080404,len:3860
entry 0x4008063c
[0;32mI (29) boot: ESP-IDF v5.4.2 2nd stage bootloader[0m
[0;32mI (29) boot: compile time Jul 15 2025 11:04:30[0m
[0;32mI (29) boot: Multicore bootloader[0m
[0;32mI (31) boot: chip revision: v3.1[0m
[0;32mI (33) boot.esp32: SPI Speed      : 40MHz[0m
[0;32mI (37) boot.esp32: SPI Mode       : DIO[0m
[0;32mI (41) boot.esp32: SPI Flash Size : 2MB[0m
[0;32mI (44) boot: Enabling RNG early entropy source...[0m
[0;32mI (49) boot: Partition Table:[0m
[0;32mI (51) boot: ## Label            Usage          Type ST Offset   Length[0m
[0;32mI (58) boot:  0 nvs              WiFi data        01 02 00009000 00006000[0m
[0;32mI (64) boot:  1 phy_init         RF data          01 01 0000f000 00001000[0m
[0;32mI (71) boot:  2 factory          factory app      00 00 00010000 00100000[0m
[0;32mI (77) boot: End of partition table[0m
[0;32mI (81) esp_image: segment 0: paddr=00010020 vaddr=3f400020 size=0b1bch ( 45500) map[0m
[0;32mI (104) esp_image: segment 1: paddr=0001b1e4 vaddr=3ff80000 size=0001ch (    28) load[0m
[0;32mI (104) esp_image: segment 2: paddr=0001b208 vaddr=3ffb0000 size=023e8h (  9192) load[0m
[0;32mI (111) esp_image: segment 3: paddr=0001d5f8 vaddr=40080000 size=02a20h ( 10784) load[0m
[0;32mI (119) esp_image: segment 4: paddr=00020020 vaddr=400d0020 size=16a10h ( 92688) map[0m
[0;32mI (154) esp_image: segment 5: paddr=00036a38 vaddr=40082a20 size=0a8e0h ( 43232) load[0m
[0;32mI (178) boot: Loaded app from partition at offset 0x10000[0m
[0;32mI (178) boot: Disabling RNG early entropy source...[0m
[0;32mI (188) cpu_start: Multicore app[0m
[0;32mI (197) cpu_start: Pro cpu start user code[0m
[0;32mI (197) cpu_start: cpu freq: 160000000 Hz[0m
[0;32mI (197) app_init: Application information:[0m
[0;32mI (197) app_init: Project name:     RTS-lab5[0m
[0;32mI (201) app_init: App version:      28589e0-dirty[0m
[0;32mI (205) app_init: Compile time:     Jul 15 2025 11:04:19[0m
[0;32mI (210) app_init: ELF file SHA256:  905556c85...[0m
[0;32mI (214) app_init: ESP-IDF:          v5.4.2[0m
[0;32mI (218) efuse_init: Min chip rev:     v0.0[0m
[0;32mI (222) efuse_init: Max chip rev:     v3.99 [0m
[0;32mI (226) efuse_init: Chip rev:         v3.1[0m
[0;32mI (230) heap_init: Initializing. RAM available for dynamic allocation:[0m
[0;32mI (236) heap_init: At 3FFAE6E0 len 00001920 (6 KiB): DRAM[0m
[0;32mI (241) heap_init: At 3FFB2CE0 len 0002D320 (180 KiB): DRAM[0m
[0;32mI (247) heap_init: At 3FFE0440 len 00003AE0 (14 KiB): D/IRAM[0m
[0;32mI (252) heap_init: At 3FFE4350 len 0001BCB0 (111 KiB): D/IRAM[0m
[0;32mI (257) heap_init: At 4008D300 len 00012D00 (75 KiB): IRAM[0m
[0;32mI (264) spi_flash: detected chip: generic[0m
[0;32mI (266) spi_flash: flash io: dio[0m
[0;33mW (269) spi_flash: Detected size(4096k) larger than the size in the binary image header(2048k). Using the size in the binary image header.[0m
[0;32mI (282) main_task: Started on CPU0[0m
[0;32mI (292) main_task: Calling app_main()[0m
Initializing I2C master...
[0;33mW (292) i2c.master: Please check pull-up resistances whether be connected properly. Otherwise unexpected behavior would happen. For more detailed information, please read docs[0m
[1;31mE (402) i2c.master: I2C software timeout[0m
[1;31mE (402) i2c.master: s_i2c_synchronous_transaction(945): I2C transaction failed[0m
[1;31mE (402) i2c.master: i2c_master_multi_buffer_transmit(1207): I2C transaction failed[0m
ESP_ERROR_CHECK failed: esp_err_t 0x103 (ESP_ERR_INVALID_STATE) at 0x400d70fe
file: "./main/RTS-lab5.c" line 50
func: app_main
expression: i2c_master_transmit(dev_handle, &reg_addr, 1, pdMS_TO_TICKS(1000))

abort() was called at PC 0x40085c3b on core 0


Backtrace: 0x4008193d:0x3ffb3ec0 0x40085c45:0x3ffb3ee0 0x4008bc01:0x3ffb3f00 0x40085c3b:0x3ffb3f70 0x400d70fe:0x3ffb3fa0 0x400e62a8:0x3ffb3fd0 0x40086689:0x3ffb4000




ELF file SHA256: 905556c85

Rebooting...
ets Jul 29 2019 12:21:46

rst:0xc (SW_CPU_RESET),boot:0x13 (SPI_FAST_FLASH_BOOT)
configsip: 0, SPIWP:0xee
clk_drv:0x00,q_drv:0x00,d_drv:0x00,cs0_drv:0x00,hd_drv:0x00,wp_drv:0x00
mode:DIO, clock div:2
load:0x3fff0030,len:6276
load:0x40078000,len:15736
load:0x40080400,len:4
load:0x40080404,len:3860
entry 0x4008063c
[0;32mI (29) boot: ESP-IDF v5.4.2 2nd stage bootloader[0m
[0;32mI (29) boot: compile time Jul 15 2025 11:04:30[0m
[0;32mI (29) boot: Multicore bootloader[0m
[0;32mI (31) boot: chip revision: v3.1[0m
[0;32mI (33) boot.esp32: SPI Speed      : 40MHz[0m
[0;32mI (37) boot.esp32: SPI Mode       : DIO[0m
[0;32mI (41) boot.esp32: SPI Flash Size : 2MB[0m
[0;32mI (44) boot: Enabling RNG early entropy source...[0m
[0;32mI (49) boot: Partition Table:[0m
[0;32mI (51) boot: ## Label            Usage          Type ST Offset   Length[0m
[0;32mI (58) boot:  0 nvs              WiFi data        01 02 00009000 00006000[0m
[0;32mI (64) boot:  1 phy_init         RF data          01 01 0000f000 00001000[0m
[0;32mI (71) boot:  2 factory          factory app      00 00 00010000 00100000[0m
[0;32mI (77) boot: End of partition table[0m
[0;32mI (81) esp_image: segment 0: paddr=00010020 vaddr=3f400020 size=0b1bch ( 45500) map[0m
[0;32mI (104) esp_image: segment 1: paddr=0001b1e4 vaddr=3ff80000 size=0001ch (    28) load[0m
[0;32mI (104) esp_image: segment 2: paddr=0001b208 vaddr=3ffb0000 size=023e8h (  9192) load[0m
[0;32mI (111) esp_image: segment 3: paddr=0001d5f8 vaddr=40080000 size=02a20h ( 10784) load[0m
[0;32mI (119) esp_image: segment 4: paddr=00020020 vaddr=400d0020 size=16a10h ( 92688) map[0m
[0;32mI (154) esp_image: segment 5: paddr=00036a38 vaddr=40082a20 size=0a8e0h ( 43232) load[0m
[0;32mI (178) boot: Loaded app from partition at offset 0x10000[0m
[0;32mI (178) boot: Disabling RNG early entropy source...[0m
[0;32mI (188) cpu_start: Multicore app[0m
[0;32mI (197) cpu_start: Pro cpu start user code[0m
[0;32mI (197) cpu_start: cpu freq: 160000000 Hz[0m
[0;32mI (197) app_init: Application information:[0m
[0;32mI (197) app_init: Project name:     RTS-lab5[0m
[0;32mI (201) app_init: App version:      28589e0-dirty[0m
[0;32mI (205) app_init: Compile time:     Jul 15 2025 11:04:19[0m
[0;32mI (210) app_init: ELF file SHA256:  905556c85...[0m
[0;32mI (214) app_init: ESP-IDF:          v5.4.2[0m
[0;32mI (218) efuse_init: Min chip rev:     v0.0[0m
[0;32mI (222) efuse_init: Max chip rev:     v3.99 [0m
[0;32mI (226) efuse_init: Chip rev:         v3.1[0m
[0;32mI (230) heap_init: Initializing. RAM available for dynamic allocation:[0m
[0;32mI (236) heap_init: At 3FFAE6E0 len 00001920 (6 KiB): DRAM[0m
[0;32mI (241) heap_init: At 3FFB2CE0 len 0002D320 (180 KiB): DRAM[0m
[0;32mI (247) heap_init: At 3FFE0440 len 00003AE0 (14 KiB): D/IRAM[0m
[0;32mI (252) heap_init: At 3FFE4350 len 0001BCB0 (111 KiB): D/IRAM[0m
[0;32mI (257) heap_init: At 4008D300 len 00012D00 (75 KiB): IRAM[0m
[0;32mI (264) spi_flash: detected chip: generic[0m
[0;32mI (266) spi_flash: flash io: dio[0m
[0;33mW (269) spi_flash: Detected size(4096k) larger than the size in the binary image header(2048k). Using the size in the binary image header.[0m
[0;32mI (282) main_task: Started on CPU0[0m
[0;32mI (292) main_task: Calling app_main()[0m
Initializing I2C master...
[0;33mW (292) i2c.master: Please check pull-up resistances whether be connected properly. Otherwise unexpected behavior would happen. For more detailed information, please read docs[0m
[1;31mE (402) i2c.master: I2C software timeout[0m
[1;31mE (402) i2c.master: s_i2c_synchronous_transaction(945): I2C transaction failed[0m
[1;31mE (402) i2c.master: i2c_master_multi_buffer_transmit(1207): I2C transaction failed[0m
ESP_ERROR_CHECK failed: esp_err_t 0x103 (ESP_ERR_INVALID_STATE) at 0x400d70fe
file: "./main/RTS-lab5.c" line 50
func: app_main
expression: i2c_master_transmit(dev_handle, &reg_addr, 1, pdMS_TO_TICKS(1000))

abort() was called at PC 0x40085c3b on core 0


Backtrace: 0x4008193d:0x3ffb3ec0 0x40085c45:0x3ffb3ee0 0x4008bc01:0x3ffb3f00 0x40085c3b:0x3ffb3f70 0x400d70fe:0x3ffb3fa0 0x400e62a8:0x3ffb3fd0 0x40086689:0x3ffb4000




ELF file SHA256: 905556c85

Rebooting...
ets Jul 29 2019 12:21:46

rst:0xc (SW_CPU_RESET),boot:0x13 (SPI_FAST_FLASH_BOOT)
configsip: 0, SPIWP:0xee
clk_drv:0x00,q_drv:0x00,d_drv:0x00,cs0_drv:0x00,hd_drv:0x00,wp_drv:0x00
mode:DIO, clock div:2
load:0x3fff0030,len:6276
load:0x40078000,len:15736
load:0x40080400,len:4
load:0x40080404,len:3860
entry 0x4008063c
[0;32mI (29) boot: ESP-IDF v5.4.2 2nd stage bootloader[0m
[0;32mI (29) boot: compile time Jul 15 2025 11:04:30[0m
[0;32mI (29) boot: Multicore bootloader[0m
[0;32mI (31) boot: chip revision: v3.1[0m
[0;32mI (33) boot.esp32: SPI Speed      : 40MHz[0m
[0;32mI (37) boot.esp32: SPI Mode       : DIO[0m
[0;32mI (41) boot.esp32: SPI Flash Size : 2MB[0m
[0;32mI (44) boot: Enabling RNG early entropy source...[0m
[0;32mI (49) boot: Partition Table:[0m
[0;32mI (51) boot: ## Label            Usage          Type ST Offset   Length[0m
[0;32mI (58) boot:  0 nvs              WiFi data        01 02 00009000 00006000[0m
[0;32mI (64) boot:  1 phy_init         RF data          01 01 0000f000 00001000[0m
[0;32mI (71) boot:  2 factory          factory app      00 00 00010000 00100000[0m
[0;32mI (77) boot: End of partition table[0m
[0;32mI (81) esp_image: segment 0: paddr=00010020 vaddr=3f400020 size=0b1bch ( 45500) map[0m
[0;32mI (104) esp_image: segment 1: paddr=0001b1e4 vaddr=3ff80000 size=0001ch (    28) load[0m
[0;32mI (104) esp_image: segment 2: paddr=0001b208 vaddr=3ffb0000 size=023e8h (  9192) load[0m
[0;32mI (111) esp_image: segment 3: paddr=0001d5f8 vaddr=40080000 size=02a20h ( 10784) load[0m
[0;32mI (119) esp_image: segment 4: paddr=00020020 vaddr=400d0020 size=16a10h ( 92688) map[0m
[0;32mI (154) esp_image: segment 5: paddr=00036a38 vaddr=40082a20 size=0a8e0h ( 43232) load[0m
[0;32mI (178) boot: Loaded app from partition at offset 0x10000[0m
[0;32mI (178) boot: Disabling RNG early entropy source...[0m
[0;32mI (188) cpu_start: Multicore app[0m
[0;32mI (197) cpu_start: Pro cpu start user code[0m
[0;32mI (197) cpu_start: cpu freq: 160000000 Hz[0m
[0;32mI (197) app_init: Application information:[0m
[0;32mI (197) app_init: Project name:     RTS-lab5[0m
[0;32mI (201) app_init: App version:      28589e0-dirty[0m
[0;32mI (205) app_init: Compile time:     Jul 15 2025 11:04:19[0m
[0;32mI (210) app_init: ELF file SHA256:  905556c85...[0m
[0;32mI (214) app_init: ESP-IDF:          v5.4.2[0m
[0;32mI (218) efuse_init: Min chip rev:     v0.0[0m
[0;32mI (222) efuse_init: Max chip rev:     v3.99 [0m
[0;32mI (226) efuse_init: Chip rev:         v3.1[0m
[0;32mI (230) heap_init: Initializing. RAM available for dynamic allocation:[0m
[0;32mI (236) heap_init: At 3FFAE6E0 len 00001920 (6 KiB): DRAM[0m
[0;32mI (241) heap_init: At 3FFB2CE0 len 0002D320 (180 KiB): DRAM[0m
[0;32mI (247) heap_init: At 3FFE0440 len 00003AE0 (14 KiB): D/IRAM[0m
[0;32mI (252) heap_init: At 3FFE4350 len 0001BCB0 (111 KiB): D/IRAM[0m
[0;32mI (257) heap_init: At 4008D300 len 00012D00 (75 KiB): IRAM[0m
[0;32mI (264) spi_flash: detected chip: generic[0m
[0;32mI (266) spi_flash: flash io: dio[0m
[0;33mW (269) spi_flash: Detected size(4096k) larger than the size in the binary image header(2048k). Using the size in the binary image header.[0m
[0;32mI (282) main_task: Started on CPU0[0m
[0;32mI (292) main_task: Calling app_main()[0m
Initializing I2C master...
[0;33mW (292) i2c.master: Please check pull-up resistances whether be connected properly. Otherwise unexpected behavior would happen. For more detailed information, please read docs[0m
[1;31mE (402) i2c.master: I2C software timeout[0m
[1;31mE (402) i2c.master: s_i2c_synchronous_transaction(945): I2C transaction failed[0m
[1;31mE (402) i2c.master: i2c_master_multi_buffer_transmit(1207): I2C transaction failed[0m
ESP_ERROR_CHECK failed: esp_err_t 0x103 (ESP_ERR_INVALID_STATE) at 0x400d70fe
file: "./main/RTS-lab5.c" line 50
func: app_main
expression: i2c_master_transmit(dev_handle, &reg_addr, 1, pdMS_TO_TICKS(1000))

abort() was called at PC 0x40085c3b on core 0


Backtrace: 0x4008193d:0x3ffb3ec0 0x40085c45:0x3ffb3ee0 0x4008bc01:0x3ffb3f00 0x40085c3b:0x3ffb3f70 0x400d70fe:0x3ffb3fa0 0x400e62a8:0x3ffb3fd0 0x40086689:0x3ffb4000




ELF file SHA256: 905556c85

Rebooting...
ets Jul 29 2019 12:21:46

rst:0xc (SW_CPU_RESET),boot:0x13 (SPI_FAST_FLASH_BOOT)
configsip: 0, SPIWP:0xee
clk_drv:0x00,q_drv:0x00,d_drv:0x00,cs0_drv:0x00,hd_drv:0x00,wp_drv:0x00
mode:DIO, clock div:2
load:0x3fff0030,len:6276
load:0x40078000,len:15736
load:0x40080400,len:4
load:0x40080404,len:3860
entry 0x4008063c
[0;32mI (29) boot: ESP-IDF v5.4.2 2nd stage bootloader[0m
[0;32mI (29) boot: compile time Jul 15 2025 11:04:30[0m
[0;32mI (29) boot: Multicore bootloader[0m
[0;32mI (31) boot: chip revision: v3.1[0m
[0;32mI (33) boot.esp32: SPI Speed      : 40MHz[0m
[0;32mI (37) boot.esp32: SPI Mode       : DIO[0m
[0;32mI (41) boot.esp32: SPI Flash Size : 2MB[0m
[0;32mI (44) boot: Enabling RNG early entropy source...[0m
[0;32mI (49) boot: Partition Table:[0m
[0;32mI (51) boot: ## Label            Usage          Type ST Offset   Length[0m
[0;32mI (58) boot:  0 nvs              WiFi data        01 02 00009000 00006000[0m
[0;32mI (64) boot:  1 phy_init         RF data          01 01 0000f000 00001000[0m
[0;32mI (71) boot:  2 factory          factory app      00 00 00010000 00100000[0m
[0;32mI (77) boot: End of partition table[0m
[0;32mI (81) esp_image: segment 0: paddr=00010020 vaddr=3f400020 size=0b1bch ( 45500) map[0m
[0;32mI (104) esp_image: segment 1: paddr=0001b1e4 vaddr=3ff80000 size=0001ch (    28) load[0m
[0;32mI (104) esp_image: segment 2: paddr=0001b208 vaddr=3ffb0000 size=023e8h (  9192) load[0m
[0;32mI (111) esp_image: segment 3: paddr=0001d5f8 vaddr=40080000 size=02a20h ( 10784) load[0m
[0;32mI (119) esp_image: segment 4: paddr=00020020 vaddr=400d0020 size=16a10h ( 92688) map[0m
[0;32mI (154) esp_image: segment 5: paddr=00036a38 vaddr=40082a20 size=0a8e0h ( 43232) load[0m
[0;32mI (178) boot: Loaded app from partition at offset 0x10000[0m
[0;32mI (178) boot: Disabling RNG early entropy source...[0m
[0;32mI (188) cpu_start: Multicore app[0m
[0;32mI (197) cpu_start: Pro cpu start user code[0m
[0;32mI (197) cpu_start: cpu freq: 160000000 Hz[0m
[0;32mI (197) app_init: Application information:[0m
[0;32mI (197) app_init: Project name:     RTS-lab5[0m
[0;32mI (201) app_init: App version:      28589e0-dirty[0m
[0;32mI (205) app_init: Compile time:     Jul 15 2025 11:04:19[0m
[0;32mI (210) app_init: ELF file SHA256:  905556c85...[0m
[0;32mI (214) app_init: ESP-IDF:          v5.4.2[0m
[0;32mI (218) efuse_init: Min chip rev:     v0.0[0m
[0;32mI (222) efuse_init: Max chip rev:     v3.99 [0m
[0;32mI (226) efuse_init: Chip rev:         v3.1[0m
[0;32mI (230) heap_init: Initializing. RAM available for dynamic allocation:[0m
[0;32mI (236) heap_init: At 3FFAE6E0 len 00001920 (6 KiB): DRAM[0m
[0;32mI (241) heap_init: At 3FFB2CE0 len 0002D320 (180 KiB): DRAM[0m
[0;32mI (247) heap_init: At 3FFE0440 len 00003AE0 (14 KiB): D/IRAM[0m
[0;32mI (252) heap_init: At 3FFE4350 len 0001BCB0 (111 KiB): D/IRAM[0m
[0;32mI (257) heap_init: At 4008D300 len 00012D00 (75 KiB): IRAM[0m
[0;32mI (264) spi_flash: detected chip: generic[0m
[0;32mI (266) spi_flash: flash io: dio[0m
[0;33mW (269) spi_flash: Detected size(4096k) larger than the size in the binary image header(2048k). Using the size in the binary image header.[0m
[0;32mI (282) main_task: Started on CPU0[0m
[0;32mI (292) main_task: Calling app_main()[0m
Initializing I2C master...
[0;33mW (292) i2c.master: Please check pull-up resistances whether be connected properly. Otherwise unexpected behavior would happen. For more detailed information, please read docs[0m
[1;31mE (402) i2c.master: I2C software timeout[0m
[1;31mE (402) i2c.master: s_i2c_synchronous_transaction(945): I2C transaction failed[0m
[1;31mE (402) i2c.master: i2c_master_multi_buffer_transmit(1207): I2C transaction failed[0m
ESP_ERROR_CHECK failed: esp_err_t 0x103 (ESP_ERR_INVALID_STATE) at 0x400d70fe
file: "./main/RTS-lab5.c" line 50
func: app_main
expression: i2c_master_transmit(dev_handle, &reg_addr, 1, pdMS_TO_TICKS(1000))

abort() was called at PC 0x40085c3b on core 0


Backtrace: 0x4008193d:0x3ffb3ec0 0x40085c45:0x3ffb3ee0 0x4008bc01:0x3ffb3f00 0x40085c3b:0x3ffb3f70 0x400d70fe:0x3ffb3fa0 0x400e62a8:0x3ffb3fd0 0x40086689:0x3ffb4000




ELF file SHA256: 905556c85

Rebooting...
ets Jul 29 2019 12:21:46

rst:0xc (SW_CPU_RESET),boot:0x13 (SPI_FAST_FLASH_BOOT)
configsip: 0, SPIWP:0xee
clk_drv:0x00,q_drv:0x00,d_drv:0x00,cs0_drv:0x00,hd_drv:0x00,wp_drv:0x00
mode:DIO, clock div:2
load:0x3fff0030,len:6276
load:0x40078000,len:15736
load:0x40080400,len:4
load:0x40080404,len:3860
entry 0x4008063c
[0;32mI (29) boot: ESP-IDF v5.4.2 2nd stage bootloader[0m
[0;32mI (29) boot: compile time Jul 15 2025 11:04:30[0m
[0;32mI (29) boot: Multicore bootloader[0m
[0;32mI (31) boot: chip revision: v3.1[0m
[0;32mI (33) boot.esp32: SPI Speed      : 40MHz[0m
[0;32mI (37) boot.esp32: SPI Mode       : DIO[0m
[0;32mI (41) boot.esp32: SPI Flash Size : 2MB[0m
[0;32mI (44) boot: Enabling RNG early entropy source...[0m
[0;32mI (49) boot: Partition Table:[0m
[0;32mI (51) boot: ## Label            Usage          Type ST Offset   Length[0m
[0;32mI (58) boot:  0 nvs              WiFi data        01 02 00009000 00006000[0m
[0;32mI (64) boot:  1 phy_init         RF data          01 01 0000f000 00001000[0m
[0;32mI (71) boot:  2 factory          factory app      00 00 00010000 00100000[0m
[0;32mI (77) boot: End of partition table[0m
[0;32mI (81) esp_image: segment 0: paddr=00010020 vaddr=3f400020 size=0b1bch ( 45500) map[0m
[0;32mI (104) esp_image: segment 1: paddr=0001b1e4 vaddr=3ff80000 size=0001ch (    28) load[0m
[0;32mI (104) esp_image: segment 2: paddr=0001b208 vaddr=3ffb0000 size=023e8h (  9192) load[0m
[0;32mI (111) esp_image: segment 3: paddr=0001d5f8 vaddr=40080000 size=02a20h ( 10784) load[0m
[0;32mI (119) esp_image: segment 4: paddr=00020020 vaddr=400d0020 size=16a10h ( 92688) map[0m
[0;32mI (154) esp_image: segment 5: paddr=00036a38 vaddr=40082a20 size=0a8e0h ( 43232) load[0m
[0;32mI (178) boot: Loaded app from partition at offset 0x10000[0m
[0;32mI (178) boot: Disabling RNG early entropy source...[0m
[0;32mI (188) cpu_start: Multicore app[0m
[0;32mI (197) cpu_start: Pro cpu start user code[0m
[0;32mI (197) cpu_start: cpu freq: 160000000 Hz[0m
[0;32mI (197) app_init: Application information:[0m
[0;32mI (197) app_init: Project name:     RTS-lab5[0m
[0;32mI (201) app_init: App version:      28589e0-dirty[0m
[0;32mI (205) app_init: Compile time:     Jul 15 2025 11:04:19[0m
[0;32mI (210) app_init: ELF file SHA256:  905556c85...[0m
[0;32mI (214) app_init: ESP-IDF:          v5.4.2[0m
[0;32mI (218) efuse_init: Min chip rev:     v0.0[0m
[0;32mI (222) efuse_init: Max chip rev:     v3.99 [0m
[0;32mI (226) efuse_init: Chip rev:         v3.1[0m
[0;32mI (230) heap_init: Initializing. RAM available for dynamic allocation:[0m
[0;32mI (236) heap_init: At 3FFAE6E0 len 00001920 (6 KiB): DRAM[0m
[0;32mI (241) heap_init: At 3FFB2CE0 len 0002D320 (180 KiB): DRAM[0m
[0;32mI (247) heap_init: At 3FFE0440 len 00003AE0 (14 KiB): D/IRAM[0m
[0;32mI (252) heap_init: At 3FFE4350 len 0001BCB0 (111 KiB): D/IRAM[0m
[0;32mI (257) heap_init: At 4008D300 len 00012D00 (75 KiB): IRAM[0m
[0;32mI (264) spi_flash: detected chip: generic[0m
[0;32mI (266) spi_flash: flash io: dio[0m
[0;33mW (269) spi_flash: Detected size(4096k) larger than the size in the binary image header(2048k). Using the size in the binary image header.[0m
[0;32mI (282) main_task: Started on CPU0[0m
[0;32mI (292) main_task: Calling app_main()[0m
Initializing I2C master...
[0;33mW (292) i2c.master: Please check pull-up resistances whether be connected properly. Otherwise unexpected behavior would happen. For more detailed information, please read docs[0m
[1;31mE (402) i2c.master: I2C software timeout[0m
[1;31mE (402) i2c.master: s_i2c_synchronous_transaction(945): I2C transaction failed[0m
[1;31mE (402) i2c.master: i2c_master_multi_buffer_transmit(1207): I2C transaction failed[0m
ESP_ERROR_CHECK failed: esp_err_t 0x103 (ESP_ERR_INVALID_STATE) at 0x400d70fe
file: "./main/RTS-lab5.c" line 50
func: app_main
expression: i2c_master_transmit(dev_handle, &reg_addr, 1, pdMS_TO_TICKS(1000))

abort() was called at PC 0x40085c3b on core 0


Backtrace: 0x4008193d:0x3ffb3ec0 0x40085c45:0x3ffb3ee0 0x4008bc01:0x3ffb3f00 0x40085c3b:0x3ffb3f70 0x400d70fe:0x3ffb3fa0 0x400e62a8:0x3ffb3fd0 0x40086689:0x3ffb4000




ELF file SHA256: 905556c85

Rebooting...
ets Jul 29 2019 12:21:46

rst:0xc (SW_CPU_RESET),boot:0x13 (SPI_FAST_FLASH_BOOT)
configsip: 0, SPIWP:0xee
clk_drv:0x00,q_drv:0x00,d_drv:0x00,cs0_drv:0x00,hd_drv:0x00,wp_drv:0x00
mode:DIO, clock div:2
load:0x3fff0030,len:6276
load:0x40078000,len:15736
load:0x40080400,len:4
load:0x40080404,len:3860
entry 0x4008063c
[0;32mI (29) boot: ESP-IDF v5.4.2 2nd stage bootloader[0m
[0;32mI (29) boot: compile time Jul 15 2025 11:04:30[0m
[0;32mI (29) boot: Multicore bootloader[0m
[0;32mI (31) boot: chip revision: v3.1[0m
[0;32mI (33) boot.esp32: SPI Speed      : 40MHz[0m
[0;32mI (37) boot.esp32: SPI Mode       : DIO[0m
[0;32mI (41) boot.esp32: SPI Flash Size : 2MB[0m
[0;32mI (44) boot: Enabling RNG early entropy source...[0m
[0;32mI (49) boot: Partition Table:[0m
[0;32mI (51) boot: ## Label            Usage          Type ST Offset   Length[0m
[0;32mI (58) boot:  0 nvs              WiFi data        01 02 00009000 00006000[0m
[0;32mI (64) boot:  1 phy_init         RF data          01 01 0000f000 00001000[0m
[0;32mI (71) boot:  2 factory          factory app      00 00 00010000 00100000[0m
[0;32mI (77) boot: End of partition table[0m
[0;32mI (81) esp_image: segment 0: paddr=00010020 vaddr=3f400020 size=0b1bch ( 45500) map[0m
[0;32mI (104) esp_image: segment 1: paddr=0001b1e4 vaddr=3ff80000 size=0001ch (    28) load[0m
[0;32mI (104) esp_image: segment 2: paddr=0001b208 vaddr=3ffb0000 size=023e8h (  9192) load[0m
[0;32mI (111) esp_image: segment 3: paddr=0001d5f8 vaddr=40080000 size=02a20h ( 10784) load[0m
[0;32mI (119) esp_image: segment 4: paddr=00020020 vaddr=400d0020 size=16a10h ( 92688) map[0m
[0;32mI (154) esp_image: segment 5: paddr=00036a38 vaddr=40082a20 size=0a8e0h ( 43232) load[0m
[0;32mI (178) boot: Loaded app from partition at offset 0x10000[0m
[0;32mI (178) boot: Disabling RNG early entropy source...[0m
[0;32mI (188) cpu_start: Multicore app[0m
[0;32mI (197) cpu_start: Pro cpu start user code[0m
[0;32mI (197) cpu_start: cpu freq: 160000000 Hz[0m
[0;32mI (197) app_init: Application information:[0m
[0;32mI (197) app_init: Project name:     RTS-lab5[0m
[0;32mI (201) app_init: App version:      28589e0-dirty[0m
[0;32mI (205) app_init: Compile time:     Jul 15 2025 11:04:19[0m
[0;32mI (210) app_init: ELF file SHA256:  905556c85...[0m
[0;32mI (214) app_init: ESP-IDF:          v5.4.2[0m
[0;32mI (218) efuse_init: Min chip rev:     v0.0[0m
[0;32mI (222) efuse_init: Max chip rev:     v3.99 [0m
[0;32mI (226) efuse_init: Chip rev:         v3.1[0m
[0;32mI (230) heap_init: Initializing. RAM available for dynamic allocation:[0m
[0;32mI (236) heap_init: At 3FFAE6E0 len 00001920 (6 KiB): DRAM[0m
[0;32mI (241) heap_init: At 3FFB2CE0 len 0002D320 (180 KiB): DRAM[0m
[0;32mI (247) heap_init: At 3FFE0440 len 00003AE0 (14 KiB): D/IRAM[0m
[0;32mI (252) heap_init: At 3FFE4350 len 0001BCB0 (111 KiB): D/IRAM[0m
[0;32mI (257) heap_init: At 4008D300 len 00012D00 (75 KiB): IRAM[0m
[0;32mI (264) spi_flash: detected chip: generic[0m
[0;32mI (266) spi_flash: flash io: dio[0m
[0;33mW (269) spi_flash: Detected size(4096k) larger than the size in the binary image header(2048k). Using the size in the binary image header.[0m
[0;32mI (282) main_task: Started on CPU0[0m
[0;32mI (292) main_task: Calling app_main()[0m
Initializing I2C master...
[0;33mW (292) i2c.master: Please check pull-up resistances whether be connected properly. Otherwise unexpected behavior would happen. For more detailed information, please read docs[0m
[1;31mE (402) i2c.master: I2C software timeout[0m
[1;31mE (402) i2c.master: s_i2c_synchronous_transaction(945): I2C transaction failed[0m
[1;31mE (402) i2c.master: i2c_master_multi_buffer_transmit(1207): I2C transaction failed[0m
ESP_ERROR_CHECK failed: esp_err_t 0x103 (ESP_ERR_INVALID_STATE) at 0x400d70fe
file: "./main/RTS-lab5.c" line 50
func: app_main
expression: i2c_master_transmit(dev_handle, &reg_addr, 1, pdMS_TO_TICKS(1000))

abort() was called at PC 0x40085c3b on core 0


Backtrace: 0x4008193d:0x3ffb3ec0 0x40085c45:0x3ffb3ee0 0x4008bc01:0x3ffb3f00 0x40085c3b:0x3ffb3f70 0x400d70fe:0x3ffb3fa0 0x400e62a8:0x3ffb3fd0 0x40086689:0x3ffb4000




ELF file SHA256: 905556c85

Rebooting...
ets Jul 29 2019 12:21:46

rst:0xc (SW_CPU_RESET),boot:0x13 (SPI_FAST_FLASH_BOOT)
configsip: 0, SPIWP:0xee
clk_drv:0x00,q_drv:0x00,d_drv:0x00,cs0_drv:0x00,hd_drv:0x00,wp_drv:0x00
mode:DIO, clock div:2
load:0x3fff0030,len:6276
load:0x40078000,len:15736
load:0x40080400,len:4
load:0x40080404,len:3860
entry 0x4008063c
[0;32mI (29) boot: ESP-IDF v5.4.2 2nd stage bootloader[0m
[0;32mI (29) boot: compile time Jul 15 2025 11:04:30[0m
[0;32mI (29) boot: Multicore bootloader[0m
[0;32mI (31) boot: chip revision: v3.1[0m
[0;32mI (33) boot.esp32: SPI Speed      : 40MHz[0m
[0;32mI (37) boot.esp32: SPI Mode       : DIO[0m
[0;32mI (41) boot.esp32: SPI Flash Size : 2MB[0m
[0;32mI (44) boot: Enabling RNG early entropy source...[0m
[0;32mI (49) boot: Partition Table:[0m
[0;32mI (51) boot: ## Label            Usage          Type ST Offset   Length[0m
[0;32mI (58) boot:  0 nvs              WiFi data        01 02 00009000 00006000[0m
[0;32mI (64) boot:  1 phy_init         RF data          01 01 0000f000 00001000[0m
[0;32mI (71) boot:  2 factory          factory app      00 00 00010000 00100000[0m
[0;32mI (77) boot: End of partition table[0m
[0;32mI (81) esp_image: segment 0: paddr=00010020 vaddr=3f400020 size=0b1bch ( 45500) map[0m
[0;32mI (104) esp_image: segment 1: paddr=0001b1e4 vaddr=3ff80000 size=0001ch (    28) load[0m
[0;32mI (104) esp_image: segment 2: paddr=0001b208 vaddr=3ffb0000 size=023e8h (  9192) load[0m
[0;32mI (111) esp_image: segment 3: paddr=0001d5f8 vaddr=40080000 size=02a20h ( 10784) load[0m
[0;32mI (119) esp_image: segment 4: paddr=00020020 vaddr=400d0020 size=16a10h ( 92688) map[0m
[0;32mI (154) esp_image: segment 5: paddr=00036a38 vaddr=40082a20 size=0a8e0h ( 43232) load[0m
[0;32mI (178) boot: Loaded app from partition at offset 0x10000[0m
[0;32mI (178) boot: Disabling RNG early entropy source...[0m
[0;32mI (188) cpu_start: Multicore app[0m
[0;32mI (197) cpu_start: Pro cpu start user code[0m
[0;32mI (197) cpu_start: cpu freq: 160000000 Hz[0m
[0;32mI (197) app_init: Application information:[0m
[0;32mI (197) app_init: Project name:     RTS-lab5[0m
[0;32mI (201) app_init: App version:      28589e0-dirty[0m
[0;32mI (205) app_init: Compile time:     Jul 15 2025 11:04:19[0m
[0;32mI (210) app_init: ELF file SHA256:  905556c85...[0m
[0;32mI (214) app_init: ESP-IDF:          v5.4.2[0m
[0;32mI (218) efuse_init: Min chip rev:     v0.0[0m
[0;32mI (222) efuse_init: Max chip rev:     v3.99 [0m
[0;32mI (226) efuse_init: Chip rev:         v3.1[0m
[0;32mI (230) heap_init: Initializing. RAM available for dynamic allocation:[0m
[0;32mI (236) heap_init: At 3FFAE6E0 len 00001920 (6 KiB): DRAM[0m
[0;32mI (241) heap_init: At 3FFB2CE0 len 0002D320 (180 KiB): DRAM[0m
[0;32mI (247) heap_init: At 3FFE0440 len 00003AE0 (14 KiB): D/IRAM[0m
[0;32mI (252) heap_init: At 3FFE4350 len 0001BCB0 (111 KiB): D/IRAM[0m
[0;32mI (257) heap_init: At 4008D300 len 00012D00 (75 KiB): IRAM[0m
[0;32mI (264) spi_flash: detected chip: generic[0m
[0;32mI (266) spi_flash: flash io: dio[0m
[0;33mW (269) spi_flash: Detected size(4096k) larger than the size in the binary image header(2048k). Using the size in the binary image header.[0m
[0;32mI (282) main_task: Started on CPU0[0m
[0;32mI (292) main_task: Calling app_main()[0m
Initializing I2C master...
[0;33mW (292) i2c.master: Please check pull-up resistances whether be connected properly. Otherwise unexpected behavior would happen. For more detailed information, please read docs[0m
[1;31mE (402) i2c.master: I2C software timeout[0m
[1;31mE (402) i2c.master: s_i2c_synchronous_transaction(945): I2C transaction failed[0m
[1;31mE (402) i2c.master: i2c_master_multi_buffer_transmit(1207): I2C transaction failed[0m
ESP_ERROR_CHECK failed: esp_err_t 0x103 (ESP_ERR_INVALID_STATE) at 0x400d70fe
file: "./main/RTS-lab5.c" line 50
func: app_main
expression: i2c_master_transmit(dev_handle, &reg_addr, 1, pdMS_TO_TICKS(1000))

abort() was called at PC 0x40085c3b on core 0


Backtrace: 0x4008193d:0x3ffb3ec0 0x40085c45:0x3ffb3ee0 0x4008bc01:0x3ffb3f00 0x40085c3b:0x3ffb3f70 0x400d70fe:0x3ffb3fa0 0x400e62a8:0x3ffb3fd0 0x40086689:0x3ffb4000




ELF file SHA256: 905556c85

Rebooting...
ets Jul 29 2019 12:21:46

rst:0xc (SW_CPU_RESET),boot:0x13 (SPI_FAST_FLASH_BOOT)
configsip: 0, SPIWP:0xee
clk_drv:0x00,q_drv:0x00,d_drv:0x00,cs0_drv:0x00,hd_drv:0x00,wp_drv:0x00
mode:DIO, clock div:2
load:0x3fff0030,len:6276
load:0x40078000,len:15736
load:0x40080400,len:4
load:0x40080404,len:3860
entry 0x4008063c
[0;32mI (29) boot: ESP-IDF v5.4.2 2nd stage bootloader[0m
[0;32mI (29) boot: compile time Jul 15 2025 11:04:30[0m
[0;32mI (29) boot: Multicore bootloader[0m
[0;32mI (31) boot: chip revision: v3.1[0m
[0;32mI (33) boot.esp32: SPI Speed      : 40MHz[0m
[0;32mI (37) boot.esp32: SPI Mode       : DIO[0m
[0;32mI (41) boot.esp32: SPI Flash Size : 2MB[0m
[0;32mI (44) boot: Enabling RNG early entropy source...[0m
[0;32mI (49) boot: Partition Table:[0m
[0;32mI (51) boot: ## Label            Usage          Type ST Offset   Length[0m
[0;32mI (58) boot:  0 nvs              WiFi data        01 02 00009000 00006000[0m
[0;32mI (64) boot:  1 phy_init         RF data          01 01 0000f000 00001000[0m
[0;32mI (71) boot:  2 factory          factory app      00 00 00010000 00100000[0m
[0;32mI (77) boot: End of partition table[0m
[0;32mI (81) esp_image: segment 0: paddr=00010020 vaddr=3f400020 size=0b1bch ( 45500) map[0m
[0;32mI (104) esp_image: segment 1: paddr=0001b1e4 vaddr=3ff80000 size=0001ch (    28) load[0m
[0;32mI (104) esp_image: segment 2: paddr=0001b208 vaddr=3ffb0000 size=023e8h (  9192) load[0m
[0;32mI (111) esp_image: segment 3: paddr=0001d5f8 vaddr=40080000 size=02a20h ( 10784) load[0m
[0;32mI (119) esp_image: segment 4: paddr=00020020 vaddr=400d0020 size=16a10h ( 92688) map[0m
[0;32mI (154) esp_image: segment 5: paddr=00036a38 vaddr=40082a20 size=0a8e0h ( 43232) load[0m
[0;32mI (178) boot: Loaded app from partition at offset 0x10000[0m
[0;32mI (178) boot: Disabling RNG early entropy source...[0m
[0;32mI (188) cpu_start: Multicore app[0m
[0;32mI (197) cpu_start: Pro cpu start user code[0m
[0;32mI (197) cpu_start: cpu freq: 160000000 Hz[0m
[0;32mI (197) app_init: Application information:[0m
[0;32mI (197) app_init: Project name:     RTS-lab5[0m
[0;32mI (201) app_init: App version:      28589e0-dirty[0m
[0;32mI (205) app_init: Compile time:     Jul 15 2025 11:04:19[0m
[0;32mI (210) app_init: ELF file SHA256:  905556c85...[0m
[0;32mI (214) app_init: ESP-IDF:          v5.4.2[0m
[0;32mI (218) efuse_init: Min chip rev:     v0.0[0m
[0;32mI (222) efuse_init: Max chip rev:     v3.99 [0m
[0;32mI (226) efuse_init: Chip rev:         v3.1[0m
[0;32mI (230) heap_init: Initializing. RAM available for dynamic allocation:[0m
[0;32mI (236) heap_init: At 3FFAE6E0 len 00001920 (6 KiB): DRAM[0m
[0;32mI (241) heap_init: At 3FFB2CE0 len 0002D320 (180 KiB): DRAM[0m
[0;32mI (247) heap_init: At 3FFE0440 len 00003AE0 (14 KiB): D/IRAM[0m
[0;32mI (252) heap_init: At 3FFE4350 len 0001BCB0 (111 KiB): D/IRAM[0m
[0;32mI (257) heap_init: At 4008D300 len 00012D00 (75 KiB): IRAM[0m
[0;32mI (264) spi_flash: detected chip: generic[0m
[0;32mI (266) spi_flash: flash io: dio[0m
[0;33mW (269) spi_flash: Detected size(4096k) larger than the size in the binary image header(2048k). Using the size in the binary image header.[0m
[0;32mI (282) main_task: Started on CPU0[0m
[0;32mI (292) main_task: Calling app_main()[0m
Initializing I2C master...
[0;33mW (292) i2c.master: Please check pull-up resistances whether be connected properly. Otherwise unexpected behavior would happen. For more detailed information, please read docs[0m
[1;31mE (402) i2c.master: I2C software timeout[0m
[1;31mE (402) i2c.master: s_i2c_synchronous_transaction(945): I2C transaction failed[0m
[1;31mE (402) i2c.master: i2c_master_multi_buffer_transmit(1207): I2C transaction failed[0m
ESP_ERROR_CHECK failed: esp_err_t 0x103 (ESP_ERR_INVALID_STATE) at 0x400d70fe
file: "./main/RTS-lab5.c" line 50
func: app_main
expression: i2c_master_transmit(dev_handle, &reg_addr, 1, pdMS_TO_TICKS(1000))

abort() was called at PC 0x40085c3b on core 0


Backtrace: 0x4008193d:0x3ffb3ec0 0x40085c45:0x3ffb3ee0 0x4008bc01:0x3ffb3f00 0x40085c3b:0x3ffb3f70 0x400d70fe:0x3ffb3fa0 0x400e62a8:0x3ffb3fd0 0x40086689:0x3ffb4000




ELF file SHA256: 905556c85

Rebooting...
ets Jul 29 2019 12:21:46

rst:0xc (SW_CPU_RESET),boot:0x13 (SPI_FAST_FLASH_BOOT)
configsip: 0, SPIWP:0xee
clk_drv:0x00,q_drv:0x00,d_drv:0x00,cs0_drv:0x00,hd_drv:0x00,wp_drv:0x00
mode:DIO, clock div:2
load:0x3fff0030,len:6276
load:0x40078000,len:15736
load:0x40080400,len:4
load:0x40080404,len:3860
entry 0x4008063c
[0;32mI (29) boot: ESP-IDF v5.4.2 2nd stage bootloader[0m
[0;32mI (29) boot: compile time Jul 15 2025 11:04:30[0m
[0;32mI (29) boot: Multicore bootloader[0m
[0;32mI (31) boot: chip revision: v3.1[0m
[0;32mI (33) boot.esp32: SPI Speed      : 40MHz[0m
[0;32mI (37) boot.esp32: SPI Mode       : DIO[0m
[0;32mI (41) boot.esp32: SPI Flash Size : 2MB[0m
[0;32mI (44) boot: Enabling RNG early entropy source...[0m
[0;32mI (49) boot: Partition Table:[0m
[0;32mI (51) boot: ## Label            Usage          Type ST Offset   Length[0m
[0;32mI (58) boot:  0 nvs              WiFi data        01 02 00009000 00006000[0m
[0;32mI (64) boot:  1 phy_init         RF data          01 01 0000f000 00001000[0m
[0;32mI (71) boot:  2 factory          factory app      00 00 00010000 00100000[0m
[0;32mI (77) boot: End of partition table[0m
[0;32mI (81) esp_image: segment 0: paddr=00010020 vaddr=3f400020 size=0b1bch ( 45500) map[0m
[0;32mI (104) esp_image: segment 1: paddr=0001b1e4 vaddr=3ff80000 size=0001ch (    28) load[0m
[0;32mI (104) esp_image: segment 2: paddr=0001b208 vaddr=3ffb0000 size=023e8h (  9192) load[0m
[0;32mI (111) esp_image: segment 3: paddr=0001d5f8 vaddr=40080000 size=02a20h ( 10784) load[0m
[0;32mI (119) esp_image: segment 4: paddr=00020020 vaddr=400d0020 size=16a10h ( 92688) map[0m
[0;32mI (154) esp_image: segment 5: paddr=00036a38 vaddr=40082a20 size=0a8e0h ( 43232) load[0m
[0;32mI (178) boot: Loaded app from partition at offset 0x10000[0m
[0;32mI (178) boot: Disabling RNG early entropy source...[0m
[0;32mI (188) cpu_start: Multicore app[0m
[0;32mI (197) cpu_start: Pro cpu start user code[0m
[0;32mI (197) cpu_start: cpu freq: 160000000 Hz[0m
[0;32mI (197) app_init: Application information:[0m
[0;32mI (197) app_init: Project name:     RTS-lab5[0m
[0;32mI (201) app_init: App version:      28589e0-dirty[0m
[0;32mI (205) app_init: Compile time:     Jul 15 2025 11:04:19[0m
[0;32mI (210) app_init: ELF file SHA256:  905556c85...[0m
[0;32mI (214) app_init: ESP-IDF:          v5.4.2[0m
[0;32mI (218) efuse_init: Min chip rev:     v0.0[0m
[0;32mI (222) efuse_init: Max chip rev:     v3.99 [0m
[0;32mI (226) efuse_init: Chip rev:         v3.1[0m
[0;32mI (230) heap_init: Initializing. RAM available for dynamic allocation:[0m
[0;32mI (236) heap_init: At 3FFAE6E0 len 00001920 (6 KiB): DRAM[0m
[0;32mI (241) heap_init: At 3FFB2CE0 len 0002D320 (180 KiB): DRAM[0m
[0;32mI (247) heap_init: At 3FFE0440 len 00003AE0 (14 KiB): D/IRAM[0m
[0;32mI (252) heap_init: At 3FFE4350 len 0001BCB0 (111 KiB): D/IRAM[0m
[0;32mI (257) heap_init: At 4008D300 len 00012D00 (75 KiB): IRAM[0m
[0;32mI (264) spi_flash: detected chip: generic[0m
[0;32mI (266) spi_flash: flash io: dio[0m
[0;33mW (269) spi_flash: Detected size(4096k) larger than the size in the binary image header(2048k). Using the size in the binary image header.[0m
[0;32mI (282) main_task: Started on CPU0[0m
[0;32mI (292) main_task: Calling app_main()[0m
Initializing I2C master...
[0;33mW (292) i2c.master: Please check pull-up resistances whether be connected properly. Otherwise unexpected behavior would happen. For more detailed information, please read docs[0m
[1;31mE (402) i2c.master: I2C software timeout[0m
[1;31mE (402) i2c.master: s_i2c_synchronous_transaction(945): I2C transaction failed[0m
[1;31mE (402) i2c.master: i2c_master_multi_buffer_transmit(1207): I2C transaction failed[0m
ESP_ERROR_CHECK failed: esp_err_t 0x103 (ESP_ERR_INVALID_STATE) at 0x400d70fe
file: "./main/RTS-lab5.c" line 50
func: app_main
expression: i2c_master_transmit(dev_handle, &reg_addr, 1, pdMS_TO_TICKS(1000))

abort() was called at PC 0x40085c3b on core 0


Backtrace: 0x4008193d:0x3ffb3ec0 0x40085c45:0x3ffb3ee0 0x4008bc01:0x3ffb3f00 0x40085c3b:0x3ffb3f70 0x400d70fe:0x3ffb3fa0 0x400e62a8:0x3ffb3fd0 0x40086689:0x3ffb4000




ELF file SHA256: 905556c85

Rebooting...
ets Jul 29 2019 12:21:46

rst:0xc (SW_CPU_RESET),boot:0x13 (SPI_FAST_FLASH_BOOT)
configsip: 0, SPIWP:0xee
clk_drv:0x00,q_drv:0x00,d_drv:0x00,cs0_drv:0x00,hd_drv:0x00,wp_drv:0x00
mode:DIO, clock div:2
load:0x3fff0030,len:6276
load:0x40078000,len:15736
load:0x40080400,len:4
load:0x40080404,len:3860
entry 0x4008063c
[0;32mI (29) boot: ESP-IDF v5.4.2 2nd stage bootloader[0m
[0;32mI (29) boot: compile time Jul 15 2025 11:04:30[0m
[0;32mI (29) boot: Multicore bootloader[0m
[0;32mI (31) boot: chip revision: v3.1[0m
[0;32mI (33) boot.esp32: SPI Speed      : 40MHz[0m
[0;32mI (37) boot.esp32: SPI Mode       : DIO[0m
[0;32mI (41) boot.esp32: SPI Flash Size : 2MB[0m
[0;32mI (44) boot: Enabling RNG early entropy source...[0m
[0;32mI (49) boot: Partition Table:[0m
[0;32mI (51) boot: ## Label            Usage          Type ST Offset   Length[0m
[0;32mI (58) boot:  0 nvs              WiFi data        01 02 00009000 00006000[0m
[0;32mI (64) boot:  1 phy_init         RF data          01 01 0000f000 00001000[0m
[0;32mI (71) boot:  2 factory          factory app      00 00 00010000 00100000[0m
[0;32mI (77) boot: End of partition table[0m
[0;32mI (81) esp_image: segment 0: paddr=00010020 vaddr=3f400020 size=0b1bch ( 45500) map[0m
[0;32mI (104) esp_image: segment 1: paddr=0001b1e4 vaddr=3ff80000 size=0001ch (    28) load[0m
[0;32mI (104) esp_image: segment 2: paddr=0001b208 vaddr=3ffb0000 size=023e8h (  9192) load[0m
[0;32mI (111) esp_image: segment 3: paddr=0001d5f8 vaddr=40080000 size=02a20h ( 10784) load[0m
[0;32mI (119) esp_image: segment 4: paddr=00020020 vaddr=400d0020 size=16a10h ( 92688) map[0m
[0;32mI (154) esp_image: segment 5: paddr=00036a38 vaddr=40082a20 size=0a8e0h ( 43232) load[0m
[0;32mI (178) boot: Loaded app from partition at offset 0x10000[0m
[0;32mI (178) boot: Disabling RNG early entropy source...[0m
[0;32mI (188) cpu_start: Multicore app[0m
[0;32mI (197) cpu_start: Pro cpu start user code[0m
[0;32mI (197) cpu_start: cpu freq: 160000000 Hz[0m
[0;32mI (197) app_init: Application information:[0m
[0;32mI (197) app_init: Project name:     RTS-lab5[0m
[0;32mI (201) app_init: App version:      28589e0-dirty[0m
[0;32mI (205) app_init: Compile time:     Jul 15 2025 11:04:19[0m
[0;32mI (210) app_init: ELF file SHA256:  905556c85...[0m
[0;32mI (214) app_init: ESP-IDF:          v5.4.2[0m
[0;32mI (218) efuse_init: Min chip rev:     v0.0[0m
[0;32mI (222) efuse_init: Max chip rev:     v3.99 [0m
[0;32mI (226) efuse_init: Chip rev:         v3.1[0m
[0;32mI (230) heap_init: Initializing. RAM available for dynamic allocation:[0m
[0;32mI (236) heap_init: At 3FFAE6E0 len 00001920 (6 KiB): DRAM[0m
[0;32mI (241) heap_init: At 3FFB2CE0 len 0002D320 (180 KiB): DRAM[0m
[0;32mI (247) heap_init: At 3FFE0440 len 00003AE0 (14 KiB): D/IRAM[0m
[0;32mI (252) heap_init: At 3FFE4350 len 0001BCB0 (111 KiB): D/IRAM[0m
[0;32mI (257) heap_init: At 4008D300 len 00012D00 (75 KiB): IRAM[0m
[0;32mI (264) spi_flash: detected chip: generic[0m
[0;32mI (266) spi_flash: flash io: dio[0m
[0;33mW (269) spi_flash: Detected size(4096k) larger than the size in the binary image header(2048k). Using the size in the binary image header.[0m
[0;32mI (282) main_task: Started on CPU0[0m
[0;32mI (292) main_task: Calling app_main()[0m
Initializing I2C master...
[0;33mW (292) i2c.master: Please check pull-up resistances whether be connected properly. Otherwise unexpected behavior would happen. For more detailed information, please read docs[0m
[1;31mE (402) i2c.master: I2C software timeout[0m
[1;31mE (402) i2c.master: s_i2c_synchronous_transaction(945): I2C transaction failed[0m
[1;31mE (402) i2c.master: i2c_master_multi_buffer_transmit(1207): I2C transaction failed[0m
ESP_ERROR_CHECK failed: esp_err_t 0x103 (ESP_ERR_INVALID_STATE) at 0x400d70fe
file: "./main/RTS-lab5.c" line 50
func: app_main
expression: i2c_master_transmit(dev_handle, &reg_addr, 1, pdMS_TO_TICKS(1000))

abort() was called at PC 0x40085c3b on core 0


Backtrace: 0x4008193d:0x3ffb3ec0 0x40085c45:0x3ffb3ee0 0x4008bc01:0x3ffb3f00 0x40085c3b:0x3ffb3f70 0x400d70fe:0x3ffb3fa0 0x400e62a8:0x3ffb3fd0 0x40086689:0x3ffb4000




ELF file SHA256: 905556c85

Rebooting...
ets Jul 29 2019 12:21:46

rst:0xc (SW_CPU_RESET),boot:0x13 (SPI_FAST_FLASH_BOOT)
configsip: 0, SPIWP:0xee
clk_drv:0x00,q_drv:0x00,d_drv:0x00,cs0_drv:0x00,hd_drv:0x00,wp_drv:0x00
mode:DIO, clock div:2
load:0x3fff0030,len:6276
load:0x40078000,len:15736
load:0x40080400,len:4
load:0x40080404,len:3860
entry 0x4008063c
[0;32mI (29) boot: ESP-IDF v5.4.2 2nd stage bootloader[0m
[0;32mI (29) boot: compile time Jul 15 2025 11:04:30[0m
[0;32mI (29) boot: Multicore bootloader[0m
[0;32mI (31) boot: chip revision: v3.1[0m
[0;32mI (33) boot.esp32: SPI Speed      : 40MHz[0m
[0;32mI (37) boot.esp32: SPI Mode       : DIO[0m
[0;32mI (41) boot.esp32: SPI Flash Size : 2MB[0m
[0;32mI (44) boot: Enabling RNG early entropy source...[0m
[0;32mI (49) boot: Partition Table:[0m
[0;32mI (51) boot: ## Label            Usage          Type ST Offset   Length[0m
[0;32mI (58) boot:  0 nvs              WiFi data        01 02 00009000 00006000[0m
[0;32mI (64) boot:  1 phy_init         RF data          01 01 0000f000 00001000[0m
[0;32mI (71) boot:  2 factory          factory app      00 00 00010000 00100000[0m
[0;32mI (77) boot: End of partition table[0m
[0;32mI (81) esp_image: segment 0: paddr=00010020 vaddr=3f400020 size=0b1bch ( 45500) map[0m
[0;32mI (104) esp_image: segment 1: paddr=0001b1e4 vaddr=3ff80000 size=0001ch (    28) load[0m
[0;32mI (104) esp_image: segment 2: paddr=0001b208 vaddr=3ffb0000 size=023e8h (  9192) load[0m
[0;32mI (111) esp_image: segment 3: paddr=0001d5f8 vaddr=40080000 size=02a20h ( 10784) load[0m
[0;32mI (119) esp_image: segment 4: paddr=00020020 vaddr=400d0020 size=16a10h ( 92688) map[0m
[0;32mI (154) esp_image: segment 5: paddr=00036a38 vaddr=40082a20 size=0a8e0h ( 43232) load[0m
[0;32mI (178) boot: Loaded app from partition at offset 0x10000[0m
[0;32mI (178) boot: Disabling RNG early entropy source...[0m
[0;32mI (188) cpu_start: Multicore app[0m
[0;32mI (197) cpu_start: Pro cpu start user code[0m
[0;32mI (197) cpu_start: cpu freq: 160000000 Hz[0m
[0;32mI (197) app_init: Application information:[0m
[0;32mI (197) app_init: Project name:     RTS-lab5[0m
[0;32mI (201) app_init: App version:      28589e0-dirty[0m
[0;32mI (205) app_init: Compile time:     Jul 15 2025 11:04:19[0m
[0;32mI (210) app_init: ELF file SHA256:  905556c85...[0m
[0;32mI (214) app_init: ESP-IDF:          v5.4.2[0m
[0;32mI (218) efuse_init: Min chip rev:     v0.0[0m
[0;32mI (222) efuse_init: Max chip rev:     v3.99 [0m
[0;32mI (226) efuse_init: Chip rev:         v3.1[0m
[0;32mI (230) heap_init: Initializing. RAM available for dynamic allocation:[0m
[0;32mI (236) heap_init: At 3FFAE6E0 len 00001920 (6 KiB): DRAM[0m
[0;32mI (241) heap_init: At 3FFB2CE0 len 0002D320 (180 KiB): DRAM[0m
[0;32mI (247) heap_init: At 3FFE0440 len 00003AE0 (14 KiB): D/IRAM[0m
[0;32mI (252) heap_init: At 3FFE4350 len 0001BCB0 (111 KiB): D/IRAM[0m
[0;32mI (257) heap_init: At 4008D300 len 00012D00 (75 KiB): IRAM[0m
[0;32mI (264) spi_flash: detected chip: generic[0m
[0;32mI (266) spi_flash: flash io: dio[0m
[0;33mW (269) spi_flash: Detected size(4096k) larger than the size in the binary image header(2048k). Using the size in the binary image header.[0m
[0;32mI (282) main_task: Started on CPU0[0m
[0;32mI (292) main_task: Calling app_main()[0m
Initializing I2C master...
[0;33mW (292) i2c.master: Please check pull-up resistances whether be connected properly. Otherwise unexpected behavior would happen. For more detailed information, please read docs[0m
[1;31mE (402) i2c.master: I2C software timeout[0m
[1;31mE (402) i2c.master: s_i2c_synchronous_transaction(945): I2C transaction failed[0m
[1;31mE (402) i2c.master: i2c_master_multi_buffer_transmit(1207): I2C transaction failed[0m
ESP_ERROR_CHECK failed: esp_err_t 0x103 (ESP_ERR_INVALID_STATE) at 0x400d70fe
file: "./main/RTS-lab5.c" line 50
func: app_main
expression: i2c_master_transmit(dev_handle, &reg_addr, 1, pdMS_TO_TICKS(1000))

abort() was called at PC 0x40085c3b on core 0


Backtrace: 0x4008193d:0x3ffb3ec0 0x40085c45:0x3ffb3ee0 0x4008bc01:0x3ffb3f00 0x40085c3b:0x3ffb3f70 0x400d70fe:0x3ffb3fa0 0x400e62a8:0x3ffb3fd0 0x40086689:0x3ffb4000




ELF file SHA256: 905556c85

Rebooting...
ets Jul 29 2019 12:21:46

rst:0xc (SW_CPU_RESET),boot:0x13 (SPI_FAST_FLASH_BOOT)
configsip: 0, SPIWP:0xee
clk_drv:0x00,q_drv:0x00,d_drv:0x00,cs0_drv:0x00,hd_drv:0x00,wp_drv:0x00
mode:DIO, clock div:2
load:0x3fff0030,len:6276
load:0x40078000,len:15736
load:0x40080400,len:4
load:0x40080404,len:3860
entry 0x4008063c
[0;32mI (29) boot: ESP-IDF v5.4.2 2nd stage bootloader[0m
[0;32mI (29) boot: compile time Jul 15 2025 11:04:30[0m
[0;32mI (29) boot: Multicore bootloader[0m
[0;32mI (31) boot: chip revision: v3.1[0m
[0;32mI (33) boot.esp32: SPI Speed      : 40MHz[0m
[0;32mI (37) boot.esp32: SPI Mode       : DIO[0m
[0;32mI (41) boot.esp32: SPI Flash Size : 2MB[0m
[0;32mI (44) boot: Enabling RNG early entropy source...[0m
[0;32mI (49) boot: Partition Table:[0m
[0;32mI (51) boot: ## Label            Usage          Type ST Offset   Length[0m
[0;32mI (58) boot:  0 nvs              WiFi data        01 02 00009000 00006000[0m
[0;32mI (64) boot:  1 phy_init         RF data          01 01 0000f000 00001000[0m
[0;32mI (71) boot:  2 factory          factory app      00 00 00010000 00100000[0m
[0;32mI (77) boot: End of partition table[0m
[0;32mI (81) esp_image: segment 0: paddr=00010020 vaddr=3f400020 size=0b1bch ( 45500) map[0m
[0;32mI (104) esp_image: segment 1: paddr=0001b1e4 vaddr=3ff80000 size=0001ch (    28) load[0m
[0;32mI (104) esp_image: segment 2: paddr=0001b208 vaddr=3ffb0000 size=023e8h (  9192) load[0m
[0;32mI (111) esp_image: segment 3: paddr=0001d5f8 vaddr=40080000 size=02a20h ( 10784) load[0m
[0;32mI (119) esp_image: segment 4: paddr=00020020 vaddr=400d0020 size=16a10h ( 92688) map[0m
[0;32mI (154) esp_image: segment 5: paddr=00036a38 vaddr=40082a20 size=0a8e0h ( 43232) load[0m
[0;32mI (178) boot: Loaded app from partition at offset 0x10000[0m
[0;32mI (178) boot: Disabling RNG early entropy source...[0m
[0;32mI (188) cpu_start: Multicore app[0m
[0;32mI (197) cpu_start: Pro cpu start user code[0m
[0;32mI (197) cpu_start: cpu freq: 160000000 Hz[0m
[0;32mI (197) app_init: Application information:[0m
[0;32mI (197) app_init: Project name:     RTS-lab5[0m
[0;32mI (201) app_init: App version:      28589e0-dirty[0m
[0;32mI (205) app_init: Compile time:     Jul 15 2025 11:04:19[0m
[0;32mI (210) app_init: ELF file SHA256:  905556c85...[0m
[0;32mI (214) app_init: ESP-IDF:          v5.4.2[0m
[0;32mI (218) efuse_init: Min chip rev:     v0.0[0m
[0;32mI (222) efuse_init: Max chip rev:     v3.99 [0m
[0;32mI (226) efuse_init: Chip rev:         v3.1[0m
[0;32mI (230) heap_init: Initializing. RAM available for dynamic allocation:[0m
[0;32mI (236) heap_init: At 3FFAE6E0 len 00001920 (6 KiB): DRAM[0m
[0;32mI (241) heap_init: At 3FFB2CE0 len 0002D320 (180 KiB): DRAM[0m
[0;32mI (247) heap_init: At 3FFE0440 len 00003AE0 (14 KiB): D/IRAM[0m
[0;32mI (252) heap_init: At 3FFE4350 len 0001BCB0 (111 KiB): D/IRAM[0m
[0;32mI (257) heap_init: At 4008D300 len 00012D00 (75 KiB): IRAM[0m
[0;32mI (264) spi_flash: detected chip: generic[0m
[0;32mI (266) spi_flash: flash io: dio[0m
[0;33mW (269) spi_flash: Detected size(4096k) larger than the size in the binary image header(2048k). Using the size in the binary image header.[0m
[0;32mI (282) main_task: Started on CPU0[0m
[0;32mI (292) main_task: Calling app_main()[0m
Initializing I2C master...
[0;33mW (292) i2c.master: Please check pull-up resistances whether be connected properly. Otherwise unexpected behavior would happen. For more detailed information, please read docs[0m
[1;31mE (402) i2c.master: I2C software timeout[0m
[1;31mE (402) i2c.master: s_i2c_synchronous_transaction(945): I2C transaction failed[0m
[1;31mE (402) i2c.master: i2c_master_multi_buffer_transmit(1207): I2C transaction failed[0m
ESP_ERROR_CHECK failed: esp_err_t 0x103 (ESP_ERR_INVALID_STATE) at 0x400d70fe
file: "./main/RTS-lab5.c" line 50
func: app_main
expression: i2c_master_transmit(dev_handle, &reg_addr, 1, pdMS_TO_TICKS(1000))

abort() was called at PC 0x40085c3b on core 0


Backtrace: 0x4008193d:0x3ffb3ec0 0x40085c45:0x3ffb3ee0 0x4008bc01:0x3ffb3f00 0x40085c3b:0x3ffb3f70 0x400d70fe:0x3ffb3fa0 0x400e62a8:0x3ffb3fd0 0x40086689:0x3ffb4000




ELF file SHA256: 905556c85

Rebooting...
ets Jul 29 2019 12:21:46

rst:0xc (SW_CPU_RESET),boot:0x13 (SPI_FAST_FLASH_BOOT)
configsip: 0, SPIWP:0xee
clk_drv:0x00,q_drv:0x00,d_drv:0x00,cs0_drv:0x00,hd_drv:0x00,wp_drv:0x00
mode:DIO, clock div:2
load:0x3fff0030,len:6276
load:0x40078000,len:15736
load:0x40080400,len:4
load:0x40080404,len:3860
entry 0x4008063c
[0;32mI (29) boot: ESP-IDF v5.4.2 2nd stage bootloader[0m
[0;32mI (29) boot: compile time Jul 15 2025 11:04:30[0m
[0;32mI (29) boot: Multicore bootloader[0m
[0;32mI (31) boot: chip revision: v3.1[0m
[0;32mI (33) boot.esp32: SPI Speed      : 40MHz[0m
[0;32mI (37) boot.esp32: SPI Mode       : DIO[0m
[0;32mI (41) boot.esp32: SPI Flash Size : 2MB[0m
[0;32mI (44) boot: Enabling RNG early entropy source...[0m
